[    0.000000] Linux version 4.19.0-rc3+ (XXX) (gcc version 7.3.0 (Debian 7.3.0-5)) #161 SMP Wed Sep 12 23:47:23 CEST 2018
[    0.000000] Command line: BOOT_IMAGE=/boot/vmlinuz-4.19.0-rc3+ root=UUID=79433b7c-7046-4724-8b2d-cd40a87cbf34 ro console=tty0 console=ttyS0,38400n8 selinux=0 apparmor=1 security=apparmor
[    0.000000] x86/fpu: Supporting XSAVE feature 0x001: 'x87 floating point registers'
[    0.000000] x86/fpu: Supporting XSAVE feature 0x002: 'SSE registers'
[    0.000000] x86/fpu: Supporting XSAVE feature 0x004: 'AVX registers'
[    0.000000] x86/fpu: xstate_offset[2]:  576, xstate_sizes[2]:  256
[    0.000000] x86/fpu: Enabled xstate features 0x7, context size is 832 bytes, using 'standard' format.
[    0.000000] BIOS-provided physical RAM map:
[    0.000000] BIOS-e820: [mem 0x0000000000000000-0x000000000009fbff] usable
[    0.000000] BIOS-e820: [mem 0x000000000009fc00-0x000000000009ffff] reserved
[    0.000000] BIOS-e820: [mem 0x00000000000f0000-0x00000000000fffff] reserved
[    0.000000] BIOS-e820: [mem 0x0000000000100000-0x00000000bffd8fff] usable
[    0.000000] BIOS-e820: [mem 0x00000000bffd9000-0x00000000bfffffff] reserved
[    0.000000] BIOS-e820: [mem 0x00000000feffc000-0x00000000feffffff] reserved
[    0.000000] BIOS-e820: [mem 0x00000000fffc0000-0x00000000ffffffff] reserved
[    0.000000] BIOS-e820: [mem 0x0000000100000000-0x0000000233ffffff] usable
[    0.000000] NX (Execute Disable) protection: active
[    0.000000] SMBIOS 2.8 present.
[    0.000000] DMI: QEMU Standard PC (i440FX + PIIX, 1996), BIOS 1.10.2-1 04/01/2014
[    0.000000] Hypervisor detected: KVM
[    0.000000] kvm-clock: Using msrs 4b564d01 and 4b564d00
[    0.000000] kvm-clock: cpu 0, msr b1ddd001, primary cpu clock
[    0.000000] kvm-clock: using sched offset of 1739045154158596 cycles
[    0.000001] clocksource: kvm-clock: mask: 0xffffffffffffffff max_cycles: 0x1cd42e4dffb, max_idle_ns: 881590591483 ns
[    0.000003] tsc: Detected 2593.992 MHz processor
[    0.001152] e820: update [mem 0x00000000-0x00000fff] usable ==> reserved
[    0.001154] e820: remove [mem 0x000a0000-0x000fffff] usable
[    0.001156] last_pfn = 0x234000 max_arch_pfn = 0x400000000
[    0.001176] MTRR default type: write-back
[    0.001176] MTRR fixed ranges enabled:
[    0.001177]   00000-9FFFF write-back
[    0.001177]   A0000-BFFFF uncachable
[    0.001178]   C0000-FFFFF write-protect
[    0.001178] MTRR variable ranges enabled:
[    0.001179]   0 base 00C0000000 mask FFC0000000 uncachable
[    0.001180]   1 disabled
[    0.001180]   2 disabled
[    0.001180]   3 disabled
[    0.001180]   4 disabled
[    0.001181]   5 disabled
[    0.001181]   6 disabled
[    0.001181]   7 disabled
[    0.001187] x86/PAT: Configuration [0-7]: WB  WC  UC- UC  WB  WP  UC- WT  
[    0.001192] last_pfn = 0xbffd9 max_arch_pfn = 0x400000000
[    0.004966] found SMP MP-table at [mem 0x000f69b0-0x000f69bf] mapped at [(____ptrval____)]
[    0.005043] Base memory trampoline at [(____ptrval____)] 99000 size 24576
[    0.005092] Using GB pages for direct mapping
[    0.005095] BRK [0xb1ecc000, 0xb1eccfff] PGTABLE
[    0.005096] BRK [0xb1ecd000, 0xb1ecdfff] PGTABLE
[    0.005097] BRK [0xb1ece000, 0xb1ecefff] PGTABLE
[    0.005113] BRK [0xb1ecf000, 0xb1ecffff] PGTABLE
[    0.005115] BRK [0xb1ed0000, 0xb1ed0fff] PGTABLE
[    0.005217] RAMDISK: [mem 0x36623000-0x37308fff]
[    0.005230] ACPI: Early table checksum verification disabled
[    0.005261] ACPI: RSDP 0x00000000000F6960 000014 (v00 BOCHS )
[    0.005264] ACPI: RSDT 0x00000000BFFE13B2 00002C (v01 BOCHS  BXPCRSDT 00000001 BXPC 00000001)
[    0.005267] ACPI: FACP 0x00000000BFFE128E 000074 (v01 BOCHS  BXPCFACP 00000001 BXPC 00000001)
[    0.005271] ACPI: DSDT 0x00000000BFFDFCC0 0015CE (v01 BOCHS  BXPCDSDT 00000001 BXPC 00000001)
[    0.005273] ACPI: FACS 0x00000000BFFDFC80 000040
[    0.005275] ACPI: APIC 0x00000000BFFE1302 0000B0 (v01 BOCHS  BXPCAPIC 00000001 BXPC 00000001)
[    0.005279] ACPI: Local APIC address 0xfee00000
[    0.005705] No NUMA configuration found
[    0.005707] Faking a node at [mem 0x0000000000000000-0x0000000233ffffff]
[    0.005710] NODE_DATA(0) allocated [mem 0x233ff9000-0x233ffdfff]
[    0.028219] Zone ranges:
[    0.028223]   DMA      [mem 0x0000000000001000-0x0000000000ffffff]
[    0.028224]   DMA32    [mem 0x0000000001000000-0x00000000ffffffff]
[    0.028225]   Normal   [mem 0x0000000100000000-0x0000000233ffffff]
[    0.028226]   Device   empty
[    0.028227] Movable zone start for each node
[    0.028228] Early memory node ranges
[    0.028229]   node   0: [mem 0x0000000000001000-0x000000000009efff]
[    0.028230]   node   0: [mem 0x0000000000100000-0x00000000bffd8fff]
[    0.028230]   node   0: [mem 0x0000000100000000-0x0000000233ffffff]
[    0.028239] Reserved but unavailable: 137 pages
[    0.028240] Initmem setup node 0 [mem 0x0000000000001000-0x0000000233ffffff]
[    0.028242] On node 0 totalpages: 2047863
[    0.028243]   DMA zone: 56 pages used for memmap
[    0.028244]   DMA zone: 21 pages reserved
[    0.028244]   DMA zone: 3998 pages, LIFO batch:0
[    0.028388]   DMA32 zone: 10696 pages used for memmap
[    0.028389]   DMA32 zone: 782297 pages, LIFO batch:63
[    0.042089]   Normal zone: 17248 pages used for memmap
[    0.042090]   Normal zone: 1261568 pages, LIFO batch:63
[    0.063709] ACPI: PM-Timer IO Port: 0x608
[    0.063713] ACPI: Local APIC address 0xfee00000
[    0.063722] ACPI: LAPIC_NMI (acpi_id[0xff] dfl dfl lint[0x1])
[    0.063753] IOAPIC[0]: apic_id 0, version 17, address 0xfec00000, GSI 0-23
[    0.063755] ACPI: INT_SRC_OVR (bus 0 bus_irq 0 global_irq 2 dfl dfl)
[    0.063756] ACPI: INT_SRC_OVR (bus 0 bus_irq 5 global_irq 5 high level)
[    0.063757] ACPI: INT_SRC_OVR (bus 0 bus_irq 9 global_irq 9 high level)
[    0.063758] ACPI: INT_SRC_OVR (bus 0 bus_irq 10 global_irq 10 high level)
[    0.063759] ACPI: INT_SRC_OVR (bus 0 bus_irq 11 global_irq 11 high level)
[    0.063760] ACPI: IRQ0 used by override.
[    0.063760] ACPI: IRQ5 used by override.
[    0.063761] ACPI: IRQ9 used by override.
[    0.063761] ACPI: IRQ10 used by override.
[    0.063761] ACPI: IRQ11 used by override.
[    0.063762] Using ACPI (MADT) for SMP configuration information
[    0.063766] smpboot: Allowing 8 CPUs, 0 hotplug CPUs
[    0.063787] PM: Registered nosave memory: [mem 0x00000000-0x00000fff]
[    0.063790] PM: Registered nosave memory: [mem 0x0009f000-0x0009ffff]
[    0.063791] PM: Registered nosave memory: [mem 0x000a0000-0x000effff]
[    0.063792] PM: Registered nosave memory: [mem 0x000f0000-0x000fffff]
[    0.063795] PM: Registered nosave memory: [mem 0xbffd9000-0xbfffffff]
[    0.063796] PM: Registered nosave memory: [mem 0xc0000000-0xfeffbfff]
[    0.063798] PM: Registered nosave memory: [mem 0xfeffc000-0xfeffffff]
[    0.063799] PM: Registered nosave memory: [mem 0xff000000-0xfffbffff]
[    0.063800] PM: Registered nosave memory: [mem 0xfffc0000-0xffffffff]
[    0.063803] [mem 0xc0000000-0xfeffbfff] available for PCI devices
[    0.063804] Booting paravirtualized kernel on KVM
[    0.063807] clocksource: refined-jiffies: mask: 0xffffffff max_cycles: 0xffffffff, max_idle_ns: 7645519600211568 ns
[    0.204178] random: get_random_bytes called from start_kernel+0x94/0x4da with crng_init=0
[    0.204183] setup_percpu: NR_CPUS:512 nr_cpumask_bits:512 nr_cpu_ids:8 nr_node_ids:1
[    0.204622] percpu: Embedded 45 pages/cpu @(____ptrval____) s147096 r8192 d29032 u262144
[    0.204627] pcpu-alloc: s147096 r8192 d29032 u262144 alloc=1*2097152
[    0.204628] pcpu-alloc: [0] 0 1 2 3 4 5 6 7 
[    0.204648] KVM setup async PF for cpu 0
[    0.204651] kvm-stealtime: cpu 0, msr 233c16200
[    0.204655] Built 1 zonelists, mobility grouping on.  Total pages: 2019842
[    0.204656] Policy zone: Normal
[    0.204657] Kernel command line: BOOT_IMAGE=/boot/vmlinuz-4.19.0-rc3+ root=UUID=79433b7c-7046-4724-8b2d-cd40a87cbf34 ro console=tty0 console=ttyS0,38400n8 selinux=0 apparmor=1 security=apparmor
[    0.216437] Calgary: detecting Calgary via BIOS EBDA area
[    0.216439] Calgary: Unable to locate Rio Grande table in EBDA - bailing!
[    0.236949] Memory: 7958216K/8191452K available (18460K kernel code, 2243K rwdata, 5936K rodata, 1984K init, 1080K bss, 233236K reserved, 0K cma-reserved)
[    0.237017] ftrace: allocating 56224 entries in 220 pages
[    0.253911] rcu: Hierarchical RCU implementation.
[    0.253912] rcu: 	RCU restricting CPUs from NR_CPUS=512 to nr_cpu_ids=8.
[    0.253913] rcu: Adjusting geometry for rcu_fanout_leaf=16, nr_cpu_ids=8
[    0.256149] NR_IRQS: 33024, nr_irqs: 488, preallocated irqs: 16
[    0.268199] Console: colour VGA+ 80x25
[    0.291479] console [tty0] enabled
[    0.450329] console [ttyS0] enabled
[    0.451426] ACPI: Core revision 20180810
[    0.452711] APIC: Switch to symmetric I/O mode setup
[    0.454304] x2apic enabled
[    0.455400] Switched APIC routing to physical x2apic.
[    0.457663] ..TIMER: vector=0x30 apic1=0 pin1=2 apic2=-1 pin2=-1
[    0.459412] clocksource: tsc-early: mask: 0xffffffffffffffff max_cycles: 0x25641074d3b, max_idle_ns: 440795244898 ns
[    0.462492] Calibrating delay loop (skipped) preset value.. 5187.98 BogoMIPS (lpj=10375968)
[    0.466486] pid_max: default: 32768 minimum: 301
[    0.469311] Dentry cache hash table entries: 1048576 (order: 11, 8388608 bytes)
[    0.471143] Inode-cache hash table entries: 524288 (order: 10, 4194304 bytes)
[    0.474513] Mount-cache hash table entries: 16384 (order: 5, 131072 bytes)
[    0.476540] Mountpoint-cache hash table entries: 16384 (order: 5, 131072 bytes)
[    0.478662] mce: CPU supports 10 MCE banks
[    0.479925] Last level iTLB entries: 4KB 0, 2MB 0, 4MB 0
[    0.482486] Last level dTLB entries: 4KB 0, 2MB 0, 4MB 0, 1GB 0
[    0.484260] Spectre V2 : Mitigation: Full generic retpoline
[    0.486486] Spectre V2 : Spectre v2 / SpectreRSB mitigation: Filling RSB on context switch
[    0.489082] Spectre V2 : Spectre v2 mitigation: Enabling Indirect Branch Prediction Barrier
[    0.490486] Spectre V2 : Enabling Restricted Speculation for firmware calls
[    0.492436] Speculative Store Bypass: Vulnerable
[    0.494709] Freeing SMP alternatives memory: 52K
[    0.498652] TSC deadline timer enabled
[    0.498655] smpboot: CPU0: Intel Core Processor (Skylake, IBRS) (family: 0x6, model: 0x5e, stepping: 0x3)
[    0.502592] Performance Events: unsupported p6 CPU model 94 no PMU driver, software events only.
[    0.505251] rcu: Hierarchical SRCU implementation.
[    0.507211] NMI watchdog: Perf NMI watchdog permanently disabled
[    0.509085] smp: Bringing up secondary CPUs ...
[    0.510516] x86: Booting SMP configuration:
[    0.511824] .... node  #0, CPUs:      #1
[    0.198198] kvm-clock: cpu 1, msr b1ddd041, secondary cpu clock
[    0.514504] KVM setup async PF for cpu 1
[    0.518279] kvm-stealtime: cpu 1, msr 233c56200
[    0.518572]  #2
[    0.198198] kvm-clock: cpu 2, msr b1ddd081, secondary cpu clock
[    0.522503] KVM setup async PF for cpu 2
[    0.526484] kvm-stealtime: cpu 2, msr 233c96200
[    0.526583]  #3
[    0.198198] kvm-clock: cpu 3, msr b1ddd0c1, secondary cpu clock
[    0.530503] KVM setup async PF for cpu 3
[    0.534484] kvm-stealtime: cpu 3, msr 233cd6200
[    0.534623]  #4
[    0.198198] kvm-clock: cpu 4, msr b1ddd101, secondary cpu clock
[    0.542502] KVM setup async PF for cpu 4
[    0.546329] kvm-stealtime: cpu 4, msr 233d16200
[    0.546585]  #5
[    0.198198] kvm-clock: cpu 5, msr b1ddd141, secondary cpu clock
[    0.554502] KVM setup async PF for cpu 5
[    0.558241] kvm-stealtime: cpu 5, msr 233d56200
[    0.558583]  #6
[    0.198198] kvm-clock: cpu 6, msr b1ddd181, secondary cpu clock
[    0.562502] KVM setup async PF for cpu 6
[    0.566185] kvm-stealtime: cpu 6, msr 233d96200
[    0.566594]  #7
[    0.198198] kvm-clock: cpu 7, msr b1ddd1c1, secondary cpu clock
[    0.570503] KVM setup async PF for cpu 7
[    0.574484] kvm-stealtime: cpu 7, msr 233dd6200
[    0.574492] smp: Brought up 1 node, 8 CPUs
[    0.576025] smpboot: Max logical packages: 8
[    0.578491] smpboot: Total of 8 processors activated (41503.87 BogoMIPS)
[    0.581468] devtmpfs: initialized
[    0.582536] x86/mm: Memory block size: 128MB
[    0.584558] clocksource: jiffies: mask: 0xffffffff max_cycles: 0xffffffff, max_idle_ns: 7645041785100000 ns
[    0.586500] futex hash table entries: 2048 (order: 5, 131072 bytes)
[    0.588541] pinctrl core: initialized pinctrl subsystem
[    0.590365] NET: Registered protocol family 16
[    0.590587] audit: initializing netlink subsys (disabled)
[    0.592392] audit: type=2000 audit(1536788947.787:1): state=initialized audit_enabled=0 res=1
[    0.596891] cpuidle: using governor ladder
[    0.596891] cpuidle: using governor menu
[    0.598759] ACPI: bus type PCI registered
[    0.600064] acpiphp: ACPI Hot Plug PCI Controller Driver version: 0.5
[    0.602234] PCI: Using configuration type 1 for base access
[    0.604806] HugeTLB registered 1.00 GiB page size, pre-allocated 0 pages
[    0.606490] HugeTLB registered 2.00 MiB page size, pre-allocated 0 pages
[    0.609840] cryptd: max_cpu_qlen set to 1000
[    0.610573] ACPI: Added _OSI(Module Device)
[    0.612032] ACPI: Added _OSI(Processor Device)
[    0.613436] ACPI: Added _OSI(3.0 _SCP Extensions)
[    0.614489] ACPI: Added _OSI(Processor Aggregator Device)
[    0.616130] ACPI: Added _OSI(Linux-Dell-Video)
[    0.617539] ACPI: Added _OSI(Linux-Lenovo-NV-HDMI-Audio)
[    0.619025] ACPI: 1 ACPI AML tables successfully acquired and loaded
[    0.621716] ACPI: Interpreter enabled
[    0.622496] ACPI: (supports S0 S5)
[    0.623575] ACPI: Using IOAPIC for interrupt routing
[    0.625207] PCI: Using host bridge windows from ACPI; if necessary, use "pci=nocrs" and report a bug
[    0.626564] ACPI: Enabled 2 GPEs in block 00 to 0F
[    0.630087] ACPI: PCI Root Bridge [PCI0] (domain 0000 [bus 00-ff])
[    0.630492] acpi PNP0A03:00: _OSC: OS supports [ASPM ClockPM Segments MSI]
[    0.632594] acpi PNP0A03:00: _OSC failed (AE_NOT_FOUND); disabling ASPM
[    0.634493] acpi PNP0A03:00: fail to add MMCONFIG information, can't access extended PCI configuration space under this bridge.
[    0.638035] acpiphp: Slot [3] registered
[    0.638518] acpiphp: Slot [4] registered
[    0.639693] acpiphp: Slot [6] registered
[    0.640878] acpiphp: Slot [7] registered
[    0.642062] acpiphp: Slot [8] registered
[    0.642519] acpiphp: Slot [9] registered
[    0.643819] acpiphp: Slot [10] registered
[    0.645052] acpiphp: Slot [11] registered
[    0.646314] acpiphp: Slot [12] registered
[    0.646517] acpiphp: Slot [13] registered
[    0.647812] acpiphp: Slot [14] registered
[    0.649197] acpiphp: Slot [15] registered
[    0.650517] acpiphp: Slot [16] registered
[    0.651906] acpiphp: Slot [17] registered
[    0.653183] acpiphp: Slot [18] registered
[    0.654422] acpiphp: Slot [19] registered
[    0.654517] acpiphp: Slot [20] registered
[    0.655789] acpiphp: Slot [21] registered
[    0.657065] acpiphp: Slot [22] registered
[    0.658324] acpiphp: Slot [23] registered
[    0.658518] acpiphp: Slot [24] registered
[    0.659791] acpiphp: Slot [25] registered
[    0.661150] acpiphp: Slot [26] registered
[    0.662433] acpiphp: Slot [27] registered
[    0.662518] acpiphp: Slot [28] registered
[    0.663808] acpiphp: Slot [29] registered
[    0.665131] acpiphp: Slot [30] registered
[    0.666390] acpiphp: Slot [31] registered
[    0.666514] PCI host bridge to bus 0000:00
[    0.667937] pci_bus 0000:00: root bus resource [io  0x0000-0x0cf7 window]
[    0.669957] pci_bus 0000:00: root bus resource [io  0x0d00-0xffff window]
[    0.670504] pci_bus 0000:00: root bus resource [mem 0x000a0000-0x000bffff window]
[    0.672782] pci_bus 0000:00: root bus resource [mem 0xc0000000-0xfebfffff window]
[    0.674488] pci_bus 0000:00: root bus resource [bus 00-ff]
[    0.676266] pci 0000:00:00.0: [8086:1237] type 00 class 0x060000
[    0.676738] pci 0000:00:01.0: [8086:7000] type 00 class 0x060100
[    0.677200] pci 0000:00:01.1: [8086:7010] type 00 class 0x010180
[    0.679942] pci 0000:00:01.1: reg 0x20: [io  0xc1c0-0xc1cf]
[    0.681061] pci 0000:00:01.1: legacy IDE quirk: reg 0x10: [io  0x01f0-0x01f7]
[    0.682488] pci 0000:00:01.1: legacy IDE quirk: reg 0x14: [io  0x03f6]
[    0.684579] pci 0000:00:01.1: legacy IDE quirk: reg 0x18: [io  0x0170-0x0177]
[    0.686488] pci 0000:00:01.1: legacy IDE quirk: reg 0x1c: [io  0x0376]
[    0.689460] pci 0000:00:01.3: [8086:7113] type 00 class 0x068000
[    0.689959] pci 0000:00:02.0: [1b36:0100] type 00 class 0x030000
[    0.691845] pci 0000:00:02.0: reg 0x10: [mem 0xf4000000-0xf7ffffff]
[    0.694029] pci 0000:00:02.0: reg 0x14: [mem 0xf8000000-0xfbffffff]
[    0.695987] pci 0000:00:02.0: reg 0x18: [mem 0xfc054000-0xfc055fff]
[    0.698491] pci 0000:00:02.0: reg 0x1c: [io  0xc100-0xc11f]
[    0.705371] pci 0000:00:02.0: reg 0x30: [mem 0xfc040000-0xfc04ffff pref]
[    0.706697] pci 0000:00:03.0: [1af4:1000] type 00 class 0x020000
[    0.707778] pci 0000:00:03.0: reg 0x10: [io  0xc120-0xc13f]
[    0.708771] pci 0000:00:03.0: reg 0x14: [mem 0xfc056000-0xfc056fff]
[    0.711518] pci 0000:00:03.0: reg 0x20: [mem 0xfebe8000-0xfebebfff 64bit pref]
[    0.712919] pci 0000:00:03.0: reg 0x30: [mem 0xfc000000-0xfc03ffff pref]
[    0.713444] pci 0000:00:04.0: [8086:2668] type 00 class 0x040300
[    0.714078] pci 0000:00:04.0: reg 0x10: [mem 0xfc050000-0xfc053fff]
[    0.719075] pci 0000:00:05.0: [8086:2934] type 00 class 0x0c0300
[    0.720995] pci 0000:00:05.0: reg 0x20: [io  0xc140-0xc15f]
[    0.721904] pci 0000:00:05.1: [8086:2935] type 00 class 0x0c0300
[    0.723757] pci 0000:00:05.1: reg 0x20: [io  0xc160-0xc17f]
[    0.724675] pci 0000:00:05.2: [8086:2936] type 00 class 0x0c0300
[    0.726489] pci 0000:00:05.2: reg 0x20: [io  0xc180-0xc19f]
[    0.727549] pci 0000:00:05.7: [8086:293a] type 00 class 0x0c0320
[    0.728041] pci 0000:00:05.7: reg 0x10: [mem 0xfc057000-0xfc057fff]
[    0.732309] pci 0000:00:06.0: [1af4:1003] type 00 class 0x078000
[    0.733440] pci 0000:00:06.0: reg 0x10: [io  0xc000-0xc03f]
[    0.734476] pci 0000:00:06.0: reg 0x14: [mem 0xfc058000-0xfc058fff]
[    0.737486] pci 0000:00:06.0: reg 0x20: [mem 0xfebec000-0xfebeffff 64bit pref]
[    0.739080] pci 0000:00:07.0: [1af4:1001] type 00 class 0x010000
[    0.742467] pci 0000:00:07.0: reg 0x10: [io  0xc040-0xc07f]
[    0.742997] pci 0000:00:07.0: reg 0x14: [mem 0xfc059000-0xfc059fff]
[    0.745898] pci 0000:00:07.0: reg 0x20: [mem 0xfebf0000-0xfebf3fff 64bit pref]
[    0.747050] pci 0000:00:08.0: [1af4:1002] type 00 class 0x00ff00
[    0.747883] pci 0000:00:08.0: reg 0x10: [io  0xc1a0-0xc1bf]
[    0.750489] pci 0000:00:08.0: reg 0x20: [mem 0xfebf4000-0xfebf7fff 64bit pref]
[    0.754003] pci 0000:00:09.0: [1af4:1009] type 00 class 0x000200
[    0.754963] pci 0000:00:09.0: reg 0x10: [io  0xc080-0xc0bf]
[    0.755886] pci 0000:00:09.0: reg 0x14: [mem 0xfc05a000-0xfc05afff]
[    0.758489] pci 0000:00:09.0: reg 0x20: [mem 0xfebf8000-0xfebfbfff 64bit pref]
[    0.760006] pci 0000:00:0a.0: [1af4:1009] type 00 class 0x000200
[    0.761048] pci 0000:00:0a.0: reg 0x10: [io  0xc0c0-0xc0ff]
[    0.761990] pci 0000:00:0a.0: reg 0x14: [mem 0xfc05b000-0xfc05bfff]
[    0.766489] pci 0000:00:0a.0: reg 0x20: [mem 0xfebfc000-0xfebfffff 64bit pref]
[    0.768327] ACPI: PCI Interrupt Link [LNKA] (IRQs 5 *10 11)
[    0.770108] ACPI: PCI Interrupt Link [LNKB] (IRQs 5 *10 11)
[    0.770575] ACPI: PCI Interrupt Link [LNKC] (IRQs 5 10 *11)
[    0.772313] ACPI: PCI Interrupt Link [LNKD] (IRQs 5 10 *11)
[    0.774538] ACPI: PCI Interrupt Link [LNKS] (IRQs *9)
[    0.776464] pci 0000:00:02.0: vgaarb: setting as boot VGA device
[    0.776464] pci 0000:00:02.0: vgaarb: VGA device added: decodes=io+mem,owns=io+mem,locks=none
[    0.778491] pci 0000:00:02.0: vgaarb: bridge control possible
[    0.780354] vgaarb: loaded
[    0.782574] SCSI subsystem initialized
[    0.784027] libata version 3.00 loaded.
[    0.784027] ACPI: bus type USB registered
[    0.784027] usbcore: registered new interface driver usbfs
[    0.786499] usbcore: registered new interface driver hub
[    0.788407] usbcore: registered new device driver usb
[    0.790169] pps_core: LinuxPPS API ver. 1 registered
[    0.790488] pps_core: Software ver. 5.3.6 - Copyright 2005-2007 Rodolfo Giometti <giometti@linux.it>
[    0.793496] PTP clock support registered
[    0.794495] EDAC MC: Ver: 3.0.0
[    0.795844] Advanced Linux Sound Architecture Driver Initialized.
[    0.796479] PCI: Using ACPI for IRQ routing
[    0.798489] PCI: pci_cache_line_size set to 64 bytes
[    0.798721] e820: reserve RAM buffer [mem 0x0009fc00-0x0009ffff]
[    0.798723] e820: reserve RAM buffer [mem 0xbffd9000-0xbfffffff]
[    0.798855] clocksource: Switched to clocksource kvm-clock
[    0.816692] VFS: Disk quotas dquot_6.6.0
[    0.818200] VFS: Dquot-cache hash table entries: 512 (order 0, 4096 bytes)
[    0.820555] FS-Cache: Loaded
[    0.821654] pnp: PnP ACPI init
[    0.822848] pnp 00:00: Plug and Play ACPI device, IDs PNP0b00 (active)
[    0.822874] pnp 00:01: Plug and Play ACPI device, IDs PNP0303 (active)
[    0.822894] pnp 00:02: Plug and Play ACPI device, IDs PNP0f13 (active)
[    0.822902] pnp 00:03: [dma 2]
[    0.822912] pnp 00:03: Plug and Play ACPI device, IDs PNP0700 (active)
[    0.822971] pnp 00:04: Plug and Play ACPI device, IDs PNP0501 (active)
[    0.823116] pnp: PnP ACPI: found 5 devices
[    0.831253] clocksource: acpi_pm: mask: 0xffffff max_cycles: 0xffffff, max_idle_ns: 2085701024 ns
[    0.834362] pci_bus 0000:00: resource 4 [io  0x0000-0x0cf7 window]
[    0.834363] pci_bus 0000:00: resource 5 [io  0x0d00-0xffff window]
[    0.834364] pci_bus 0000:00: resource 6 [mem 0x000a0000-0x000bffff window]
[    0.834365] pci_bus 0000:00: resource 7 [mem 0xc0000000-0xfebfffff window]
[    0.834421] NET: Registered protocol family 2
[    0.837538] tcp_listen_portaddr_hash hash table entries: 4096 (order: 4, 65536 bytes)
[    0.840336] TCP established hash table entries: 65536 (order: 7, 524288 bytes)
[    0.842995] TCP bind hash table entries: 65536 (order: 8, 1048576 bytes)
[    0.845228] TCP: Hash tables configured (established 65536 bind 65536)
[    0.847311] UDP hash table entries: 4096 (order: 5, 131072 bytes)
[    0.849171] UDP-Lite hash table entries: 4096 (order: 5, 131072 bytes)
[    0.851228] NET: Registered protocol family 1
[    0.852604] NET: Registered protocol family 44
[    0.853992] Unpacking initramfs...
[    1.009574] Freeing initrd memory: 13208K
[    1.010751] PCI-DMA: Using software bounce buffering for IO (SWIOTLB)
[    1.012456] software IO TLB: mapped [mem 0xbbfd9000-0xbffd9000] (64MB)
[    1.015330] clocksource: tsc: mask: 0xffffffffffffffff max_cycles: 0x25641074d3b, max_idle_ns: 440795244898 ns
[    1.023272] Initialise system trusted keyrings
[    1.024845] workingset: timestamp_bits=56 max_order=21 bucket_order=0
[    1.027472] zbud: loaded
[    1.028726] squashfs: version 4.0 (2009/01/31) Phillip Lougher
[    1.030866] ntfs: driver 2.1.32 [Flags: R/W DEBUG].
[    1.032528] efs: 1.0a - http://aeschi.ch.eu.org/efs/
[    1.034171] jffs2: version 2.2. (NAND) (SUMMARY)  Â© 2001-2006 Red Hat, Inc.
[    1.036421] romfs: ROMFS MTD (C) 2007 Red Hat, Inc.
[    1.038005] QNX4 filesystem 0.2.3 registered.
[    1.039454] qnx6: QNX6 filesystem 1.0.0 registered.
[    1.041118] fuse init (API version 7.27)
[    1.042595] orangefs_debugfs_init: called with debug mask: :none: :0:
[    1.044637] orangefs_init: module version upstream loaded
[    1.046426] JFS: nTxBlock = 8192, nTxLock = 65536
[    1.049764] SGI XFS with ACLs, security attributes, realtime, scrub, debug enabled
[    1.052464] 9p: Installing v9fs 9p2000 file system support
[    1.054196] FS-Cache: Netfs '9p' registered for caching
[    1.055892] NILFS version 2 loaded
[    1.057011] befs: version: 0.9.3
[    1.058568] gfs2: GFS2 installed
[    1.059696] pstore: using deflate compression
[    1.322278] Key type asymmetric registered
[    1.324769] Asymmetric key parser 'x509' registered
[    1.327673] Block layer SCSI generic (bsg) driver version 0.4 loaded (major 246)
[    1.330330] io scheduler noop registered
[    1.331532] io scheduler deadline registered
[    1.332889] io scheduler cfq registered (default)
[    1.334360] io scheduler mq-deadline registered
[    1.335827] io scheduler kyber registered
[    1.337618] intel_idle: Please enable MWAIT in BIOS SETUP
[    1.337677] input: Power Button as /devices/LNXSYSTM:00/LNXPWRBN:00/input/input0
[    1.340083] ACPI: Power Button [PWRF]
[    1.359844] PCI Interrupt Link [LNKC] enabled at IRQ 11
[    1.380905] PCI Interrupt Link [LNKB] enabled at IRQ 10
[    1.421533] PCI Interrupt Link [LNKD] enabled at IRQ 11
[    1.441775] PCI Interrupt Link [LNKA] enabled at IRQ 10
[    1.465201] Serial: 8250/16550 driver, 4 ports, IRQ sharing enabled
[    1.490835] 00:04: ttyS0 at I/O 0x3f8 (irq = 4, base_baud = 115200) is a 16550A
[    1.501538] ppdev: user-space parallel port driver
[    1.502715] Linux agpgart interface v0.103
[    1.503989] AMD IOMMUv2 driver by Joerg Roedel <jroedel@suse.de>
[    1.507391] AMD IOMMUv2 functionality not available on this system
[    1.528506] [drm] Device Version 0.0
[    1.529519] [drm] Compression level 0 log level 0
[    1.530761] [drm] 12286 io pages at offset 0x1000000
[    1.532075] [drm] 16777216 byte draw area at offset 0x0
[    1.533427] [drm] RAM header offset: 0x3ffe000
[    1.534669] [TTM] Zone  kernel: Available graphics memory: 3985738 kiB
[    1.538060] [TTM] Zone   dma32: Available graphics memory: 2097152 kiB
[    1.539756] [TTM] Initializing pool allocator
[    1.540933] [TTM] Initializing DMA pool allocator
[    1.542206] [drm] qxl: 16M of VRAM memory size
[    1.543424] [drm] qxl: 63M of IO pages memory ready (VRAM domain)
[    1.545091] [drm] qxl: 64M of Surface memory size
[    1.574170] [drm] main mem slot 1 [f4000000,3ffe000]
[    1.577323] [drm] surface mem slot 2 [f8000000,4000000]
[    1.581459] [drm] fb mappable at 0xF4000000, size 3145728
[    1.585038] [drm] fb: depth 24, pitch 4096, width 1024, height 768
[    1.587474] fbcon: qxldrmfb (fb0) is primary device
[    1.609938] Console: switching to colour frame buffer device 128x48
[    1.619272] qxl 0000:00:02.0: fb0: qxldrmfb frame buffer device
[    1.621246] [drm] Initialized qxl 0.1.0 20120117 for 0000:00:02.0 on minor 0
[    1.626989] loop: module loaded
[    1.629132] virtio_blk virtio2: [vda] 419430400 512-byte logical blocks (215 GB/200 GiB)
[    1.632644]  vda: vda1
[    1.633670] ibmasm: IBM ASM Service Processor Driver version 1.0 loaded
[    1.635747] lkdtm: No crash points registered, enable through debugfs
[    1.638915] Loading iSCSI transport class v2.0-870.
[    1.641663] ata_piix 0000:00:01.1: version 2.13
[    1.643918] FDC 0 is a S82078B
[    1.645576] scsi host0: ata_piix
[    1.647522] scsi host1: ata_piix
[    1.649247] ata1: PATA max MWDMA2 cmd 0x1f0 ctl 0x3f6 bmdma 0xc1c0 irq 14
[    1.651631] ata2: PATA max MWDMA2 cmd 0x170 ctl 0x376 bmdma 0xc1c8 irq 15
[    1.653838] tun: Universal TUN/TAP device driver, 1.6
[    1.657915] enic: Cisco VIC Ethernet NIC Driver, ver 2.3.0.53
[    1.659945] e1000: Intel(R) PRO/1000 Network Driver - version 7.3.21-k8-NAPI
[    1.661951] e1000: Copyright (c) 1999-2006 Intel Corporation.
[    1.664145] e1000e: Intel(R) PRO/1000 Network Driver - 3.2.6-k
[    1.666374] e1000e: Copyright(c) 1999 - 2015 Intel Corporation.
[    1.668863] ehci_hcd: USB 2.0 'Enhanced' Host Controller (EHCI) Driver
[    1.670741] ehci-pci: EHCI PCI platform driver
[    1.700897] ehci-pci 0000:00:05.7: EHCI Host Controller
[    1.703227] ehci-pci 0000:00:05.7: new USB bus registered, assigned bus number 1
[    1.712571] ehci-pci 0000:00:05.7: irq 11, io mem 0xfc057000
[    1.730519] ehci-pci 0000:00:05.7: USB 2.0 started, EHCI 1.00
[    1.734634] usb usb1: New USB device found, idVendor=1d6b, idProduct=0002, bcdDevice= 4.19
[    1.738689] usb usb1: New USB device strings: Mfr=3, Product=2, SerialNumber=1
[    1.742264] usb usb1: Product: EHCI Host Controller
[    1.745021] usb usb1: Manufacturer: Linux 4.19.0-rc3+ ehci_hcd
[    1.747333] usb usb1: SerialNumber: 0000:00:05.7
[    1.749792] hub 1-0:1.0: USB hub found
[    1.751959] hub 1-0:1.0: 6 ports detected
[    1.754561] uhci_hcd: USB Universal Host Controller Interface driver
[    1.781699] uhci_hcd 0000:00:05.0: UHCI Host Controller
[    1.784425] uhci_hcd 0000:00:05.0: new USB bus registered, assigned bus number 2
[    1.787756] uhci_hcd 0000:00:05.0: detected 2 ports
[    1.790452] uhci_hcd 0000:00:05.0: irq 10, io base 0x0000c140
[    1.792871] usb usb2: New USB device found, idVendor=1d6b, idProduct=0001, bcdDevice= 4.19
[    1.797061] usb usb2: New USB device strings: Mfr=3, Product=2, SerialNumber=1
[    1.800713] usb usb2: Product: UHCI Host Controller
[    1.803521] usb usb2: Manufacturer: Linux 4.19.0-rc3+ uhci_hcd
[    1.805780] usb usb2: SerialNumber: 0000:00:05.0
[    1.808028] hub 2-0:1.0: USB hub found
[    1.814194] hub 2-0:1.0: 2 ports detected
[    1.816470] ata1.01: NODEV after polling detection
[    1.818359] ata1.00: ATAPI: QEMU DVD-ROM, 2.5+, max UDMA/100
[    1.827572] scsi 0:0:0:0: CD-ROM            QEMU     QEMU DVD-ROM     2.5+ PQ: 0 ANSI: 5
[    1.835124] sr 0:0:0:0: [sr0] scsi3-mmc drive: 4x/4x cd/rw xa/form2 tray
[    1.838535] cdrom: Uniform CD-ROM driver Revision: 3.20
[    1.842425] sr 0:0:0:0: Attached scsi CD-ROM sr0
[    1.842601] sr 0:0:0:0: Attached scsi generic sg0 type 5
[    1.850007] uhci_hcd 0000:00:05.1: UHCI Host Controller
[    1.853638] uhci_hcd 0000:00:05.1: new USB bus registered, assigned bus number 3
[    1.857864] uhci_hcd 0000:00:05.1: detected 2 ports
[    1.861491] uhci_hcd 0000:00:05.1: irq 10, io base 0x0000c160
[    1.865341] usb usb3: New USB device found, idVendor=1d6b, idProduct=0001, bcdDevice= 4.19
[    1.868256] usb usb3: New USB device strings: Mfr=3, Product=2, SerialNumber=1
[    1.870877] usb usb3: Product: UHCI Host Controller
[    1.872873] usb usb3: Manufacturer: Linux 4.19.0-rc3+ uhci_hcd
[    1.875125] usb usb3: SerialNumber: 0000:00:05.1
[    1.878742] hub 3-0:1.0: USB hub found
[    1.881971] hub 3-0:1.0: 2 ports detected
[    1.916030] uhci_hcd 0000:00:05.2: UHCI Host Controller
[    1.918648] uhci_hcd 0000:00:05.2: new USB bus registered, assigned bus number 4
[    1.925143] uhci_hcd 0000:00:05.2: detected 2 ports
[    1.930618] uhci_hcd 0000:00:05.2: irq 11, io base 0x0000c180
[    1.933913] usb usb4: New USB device found, idVendor=1d6b, idProduct=0001, bcdDevice= 4.19
[    1.936689] usb usb4: New USB device strings: Mfr=3, Product=2, SerialNumber=1
[    1.939206] usb usb4: Product: UHCI Host Controller
[    1.941134] usb usb4: Manufacturer: Linux 4.19.0-rc3+ uhci_hcd
[    1.943305] usb usb4: SerialNumber: 0000:00:05.2
[    1.945969] hub 4-0:1.0: USB hub found
[    1.947882] hub 4-0:1.0: 2 ports detected
[    1.950674] usbcore: registered new interface driver yurex
[    1.953538] i8042: PNP: PS/2 Controller [PNP0303:KBD,PNP0f13:MOU] at 0x60,0x64 irq 1,12
[    1.957918] serio: i8042 KBD port at 0x60,0x64 irq 1
[    1.962573] serio: i8042 AUX port at 0x60,0x64 irq 12
[    1.966778] mousedev: PS/2 mouse device common for all mice
[    1.969832] input: PC Speaker as /devices/platform/pcspkr/input/input1
[    1.972387] rtc_cmos 00:00: RTC can wake from S4
[    1.975650] input: AT Translated Set 2 keyboard as /devices/platform/i8042/serio0/input/input2
[    1.978688] rtc_cmos 00:00: registered as rtc0
[    1.982524] rtc_cmos 00:00: alarms up to one day, y3k, 114 bytes nvram
[    1.985000] piix4_smbus 0000:00:01.3: SMBus Host Controller at 0x700, revision 0
[    1.988896] ledtrig-cpu: registered to indicate activity on CPUs
[    1.992364] usnic_verbs: Cisco VIC (USNIC) Verbs Driver v1.0.3 (December 19, 2013)
[    1.995060] usnic_verbs:usnic_uiom_init:601: 
[    1.995061] IOMMU required but not present or enabled.  USNIC QPs will not function w/o enabling IOMMU
[    2.000019] usnic_verbs:usnic_ib_init:649: 
[    2.000020] Unable to initalize umem with err -1
[    2.003936] bnxt_re: Broadcom NetXtreme-C/E RoCE Driver v1.0.0
[    2.007272] iscsi: registered transport (iser)
[    2.009873] OPA Virtual Network Driver - v1.0
[    2.014305] hidraw: raw HID events driver (C) Jiri Kosina
[    2.017299] usbcore: registered new interface driver usbhid
[    2.019492] usbhid: USB HID core driver
[    2.022113] input: Speakup as /devices/virtual/input/input5
[    2.024564] initialized device: /dev/synth, node (MAJOR 10, MINOR 25)
[    2.028893] speakup 3.1.6: initialized
[    2.031434] synth name on entry is: (null)
[    2.069061] snd_hda_codec_generic hdaudioC0D0: autoconfig for Generic: line_outs=1 (0x3/0x0/0x0/0x0/0x0) type:line
[    2.071777] xt_time: kernel timezone is -0000
[    2.072469] snd_hda_codec_generic hdaudioC0D0:    speaker_outs=0 (0x0/0x0/0x0/0x0/0x0)
[    2.076606] IPVS: Registered protocols (TCP, UDP)
[    2.079407] snd_hda_codec_generic hdaudioC0D0:    hp_outs=0 (0x0/0x0/0x0/0x0/0x0)
[    2.079408] snd_hda_codec_generic hdaudioC0D0:    mono: mono_out=0x0
[    2.079409] snd_hda_codec_generic hdaudioC0D0:    inputs:
[    2.079413] snd_hda_codec_generic hdaudioC0D0:      Line=0x5
[    2.083731] IPVS: Connection hash table configured (size=4096, memory=64Kbytes)
[    2.098573] usb 1-1: new high-speed USB device number 2 using ehci-pci
[    2.105300] IPVS: ipvs loaded.
[    2.107814] IPVS: [rr] scheduler registered.
[    2.110509] IPVS: ftp: loaded support on port[0] = 21
[    2.114149] ipt_CLUSTERIP: ClusterIP Version 0.8 loaded successfully
[    2.117038] NET: Registered protocol family 10
[    2.121230] Segment Routing with IPv6
[    2.125008] mip6: Mobile IPv6
[    2.129017] NET: Registered protocol family 17
[    2.131195] Bridge firewalling registered
[    2.134979] 9pnet: Installing 9P2000 support
[    2.141728] mpls_gso: MPLS GSO support
[    2.144863] AVX2 version of gcm_enc/dec engaged.
[    2.148688] AES CTR mode by8 optimization enabled
[    2.167257] sched_clock: Marking stable (1972988083, 194198363)->(2352173803, -184987357)
[    2.171562] registered taskstats version 1
[    2.173827] Loading compiled-in X.509 certificates
[    2.177436] zswap: loaded using pool lzo/zbud
[    2.181455] console [netcon0] enabled
[    2.183260] netconsole: network logging started
[    2.186226] rtc_cmos 00:00: setting system clock to 2018-09-12 21:49:10 UTC (1536788950)
[    2.190366] rdma_rxe: loaded
[    2.192832] ALSA device list:
[    2.194441]   #0: HDA Intel at 0xfc050000 irq 31
[    2.200193] Freeing unused kernel image memory: 1984K
[    2.218628] Write protecting the kernel read-only data: 26624k
[    2.226073] Freeing unused kernel image memory: 1980K
[    2.232016] Freeing unused kernel image memory: 208K
[    2.246466] x86/mm: Checked W+X mappings: passed, no W+X pages found.
[    2.249172] Run /init as init process
[    2.268630] usb 1-1: New USB device found, idVendor=0627, idProduct=0001, bcdDevice= 0.00
[    2.273941] usb 1-1: New USB device strings: Mfr=1, Product=3, SerialNumber=5
[    2.278663] usb 1-1: Product: QEMU USB Tablet
[    2.280828] usb 1-1: Manufacturer: QEMU
[    2.281264] random: systemd-udevd: uninitialized urandom read (16 bytes read)
[    2.282971] random: udevadm: uninitialized urandom read (16 bytes read)
[    2.283021] random: udevadm: uninitialized urandom read (16 bytes read)
[    2.283422] usb 1-1: SerialNumber: 42
[    2.298848] input: QEMU QEMU USB Tablet as /devices/pci0000:00/0000:00:05.7/usb1/1-1/1-1:1.0/0003:0627:0001.0001/input/input6
[    2.303969] hid-generic 0003:0627:0001.0001: input,hidraw0: USB HID v0.01 Mouse [QEMU QEMU USB Tablet] on usb-0000:00:05.7-1/input0
[    2.319674] virtio_net virtio0 ens3: renamed from eth0
[    2.502551] raid6: sse2x1   gen()  8299 MB/s
[    2.570549] raid6: sse2x1   xor()  6319 MB/s
[    2.638549] raid6: sse2x2   gen() 10779 MB/s
[    2.706553] raid6: sse2x2   xor()  6896 MB/s
[    2.774549] raid6: sse2x4   gen() 16197 MB/s
[    2.842548] raid6: sse2x4   xor() 10438 MB/s
[    2.849573] input: ImExPS/2 Generic Explorer Mouse as /devices/platform/i8042/serio1/input/input4
[    2.910550] raid6: avx2x1   gen() 22545 MB/s
[    2.978552] raid6: avx2x1   xor() 15361 MB/s
[    3.046550] raid6: avx2x2   gen() 27206 MB/s
[    3.114542] raid6: avx2x2   xor() 16236 MB/s
[    3.182548] raid6: avx2x4   gen() 31725 MB/s
[    3.250549] raid6: avx2x4   xor() 18350 MB/s
[    3.252014] raid6: using algorithm avx2x4 gen() 31725 MB/s
[    3.253624] raid6: .... xor() 18350 MB/s, rmw enabled
[    3.255154] raid6: using avx2x2 recovery algorithm
[    3.261115] xor: automatically using best checksumming function   avx       
[    3.300059] Btrfs loaded, crc32c=crc32c-intel, debug=on, assert=on, ref-verify=on
[    3.369997] random: fast init done
[    3.406334] EXT4-fs (vda1): mounted filesystem with ordered data mode. Opts: (null)
[    3.466575] systemd[1]: systemd 232 running in system mode. (+PAM +AUDIT +SELINUX +IMA +APPARMOR +SMACK +SYSVINIT +UTMP +LIBCRYPTSETUP +GCRYPT +GNUTLS +ACL +XZ +LZ4 +SECCOMP +BLKID +ELFUTILS +KMOD +IDN)
[    3.473067] systemd[1]: Detected virtualization qemu.
[    3.475461] systemd[1]: Detected architecture x86-64.
[    3.480732] systemd[1]: Set hostname to <debian>.
[    3.547448] systemd[1]: lvm2-lvmpolld.socket: Cannot add dependency job, ignoring: Unit lvm2-lvmpolld.socket is masked.
[    3.552193] systemd[1]: lvm2-monitor.service: Cannot add dependency job, ignoring: Unit lvm2-monitor.service is masked.
[    3.556848] systemd[1]: lvm2-lvmetad.socket: Cannot add dependency job, ignoring: Unit lvm2-lvmetad.socket is masked.
[    3.561392] systemd[1]: dm-event.socket: Cannot add dependency job, ignoring: Unit dm-event.socket is masked.
[    3.566121] systemd[1]: Reached target Swap.
[    3.570311] systemd[1]: Listening on udev Kernel Socket.
[    3.616048] EXT4-fs (vda1): re-mounted. Opts: errors=remount-ro
[    3.664681] FS-Cache: Duplicate cookie detected
[    3.667292] FS-Cache: O-cookie c=00000000df09b413 [p=000000004952cece fl=222 nc=0 na=1]
[    3.667293] FS-Cache: O-cookie d=000000002d6b6d9c n=0000000078597fce
[    3.667294] FS-Cache: O-key=[10] '34323934383933313030'
[    3.675624] FS-Cache: N-cookie c=000000005f254b18 [p=000000004952cece fl=2 nc=0 na=1]
[    3.678930] FS-Cache: N-cookie d=000000002d6b6d9c n=0000000092c8e886
[    3.678931] FS-Cache: N-key=[10] '34323934383933313030'
[    3.702566] systemd-journald[337]: Received request to flush runtime journal from PID 1
[    3.907072] IPVS: ftp: loaded support on port[0] = 21
[    3.951065] Process accounting resumed
[    4.048645] IPVS: ftp: loaded support on port[0] = 21
[    4.189952] IPv6: ADDRCONF(NETDEV_UP): ens3: link is not ready
[    8.610017] random: crng init done
[    8.613396] random: 7 urandom warning(s) missed due to ratelimiting
[  109.007781] entering vmacache_debug_dump(0xffff8ac7f3820dc0)
[  109.011015]   mm sequence: 0x5
[  109.012659]   task 0xffff8ac7e9355140 at 0x5 (current)
[  109.015328]     cache dump:
[  109.016797]       0xffff8ac7e91bd4b0
[  109.018664]         start=0x7f9616027000 end=0x7f96161bc000 mm=0xffff8ac7f3820dc0
[  109.020809]       0xffff8ac7eaf997d0
[  109.021814]         start=0x133700200000 end=0x133700210000 mm=0xffff8ac7f3820dc0
[  109.024165]       0xffff8ac7e3a6f3e8
[  109.025171]         start=0x133700400000 end=0x133700410000 mm=0xffff8ac7f3820dc0
[  109.027279]       0xffff8ac7eaf994b0
[  109.028298]         start=0x133700600000 end=0x133700610000 mm=0xffff8ac7f3820dc0
[  109.030411]   #####
[  113.471143] entering vmacache_debug_dump(0xffff8ac7f3820dc0)
[  113.472443]   mm sequence: 0xffffff
[  113.473255]   task 0xffff8ac7e9355140 at 0xfffffd (current)
[  113.474508]     cache dump:
[  113.475238]       0x0
[  113.475745]       0x0
[  113.476278]       0xffff8ac7e3a6f000
[  113.477067]         start=0x7f96165e5000 end=0x7f96165e6000 mm=0xffff8ac7f3820dc0
[  113.478786]       0x0
[  113.479410]   #####
[  117.881621] entering vmacache_debug_dump(0xffff8ac7f3820dc0)
[  117.882879]   mm sequence: 0x1ffffff
[  117.883701]   task 0xffff8ac7e9355140 at 0x1fffffd (current)
[  117.884927]     cache dump:
[  117.885561]       0x0
[  117.886081]       0x0
[  117.886596]       0xffff8ac7e3a6f000
[  117.887506]         start=0x7f96165e5000 end=0x7f96165e6000 mm=0xffff8ac7f3820dc0
[  117.889158]       0x0
[  117.889664]   #####
[  122.275359] entering vmacache_debug_dump(0xffff8ac7f3820dc0)
[  122.276628]   mm sequence: 0x2ffffff
[  122.277433]   task 0xffff8ac7e9355140 at 0x2fffffd (current)
[  122.278682]     cache dump:
[  122.279378]       0x0
[  122.279928]       0x0
[  122.280458]       0xffff8ac7e3a6f000
[  122.281228]         start=0x7f96165e5000 end=0x7f96165e6000 mm=0xffff8ac7f3820dc0
[  122.282943]       0x0
[  122.283563]   #####
[  126.693283] entering vmacache_debug_dump(0xffff8ac7f3820dc0)
[  126.694488]   mm sequence: 0x3ffffff
[  126.695339]   task 0xffff8ac7e9355140 at 0x3fffffd (current)
[  126.696562]     cache dump:
[  126.697128]       0x0
[  126.697633]       0x0
[  126.698114]       0xffff8ac7e3a6f000
[  126.698882]         start=0x7f96165e5000 end=0x7f96165e6000 mm=0xffff8ac7f3820dc0
[  126.700500]       0x0
[  126.701021]   #####
[  131.098320] entering vmacache_debug_dump(0xffff8ac7f3820dc0)
[  131.099630]   mm sequence: 0x4ffffff
[  131.100488]   task 0xffff8ac7e9355140 at 0x4fffffd (current)
[  131.101696]     cache dump:
[  131.102345]       0x0
[  131.102935]       0x0
[  131.103449]       0xffff8ac7e3a6f000
[  131.104278]         start=0x7f96165e5000 end=0x7f96165e6000 mm=0xffff8ac7f3820dc0
[  131.105989]       0x0
[  131.106584]   #####
[  135.496886] entering vmacache_debug_dump(0xffff8ac7f3820dc0)
[  135.498193]   mm sequence: 0x5ffffff
[  135.499038]   task 0xffff8ac7e9355140 at 0x5fffffd (current)
[  135.500367]     cache dump:
[  135.500995]       0x0
[  135.501488]       0x0
[  135.502003]       0xffff8ac7e3a6f000
[  135.502867]         start=0x7f96165e5000 end=0x7f96165e6000 mm=0xffff8ac7f3820dc0
[  135.504677]       0x0
[  135.505192]   #####
[  139.896153] entering vmacache_debug_dump(0xffff8ac7f3820dc0)
[  139.897426]   mm sequence: 0x6ffffff
[  139.898254]   task 0xffff8ac7e9355140 at 0x6fffffd (current)
[  139.899528]     cache dump:
[  139.900235]       0x0
[  139.900795]       0x0
[  139.901368]       0xffff8ac7e3a6f000
[  139.902263]         start=0x7f96165e5000 end=0x7f96165e6000 mm=0xffff8ac7f3820dc0
[  139.904170]       0x0
[  139.904743]   #####
[  144.354502] entering vmacache_debug_dump(0xffff8ac7f3820dc0)
[  144.360751]   mm sequence: 0x7ffffff
[  144.361574]   task 0xffff8ac7e9355140 at 0x7fffffd (current)
[  144.362830]     cache dump:
[  144.363548]       0x0
[  144.364054]       0x0
[  144.364582]       0xffff8ac7e3a6f000
[  144.365377]         start=0x7f96165e5000 end=0x7f96165e6000 mm=0xffff8ac7f3820dc0
[  144.367115]       0x0
[  144.367729]   #####
[  148.813534] entering vmacache_debug_dump(0xffff8ac7f3820dc0)
[  148.814921]   mm sequence: 0x8ffffff
[  148.815772]   task 0xffff8ac7e9355140 at 0x8fffffd (current)
[  148.817233]     cache dump:
[  148.817840]       0x0
[  148.818443]       0x0
[  148.818994]       0xffff8ac7e3a6f000
[  148.819884]         start=0x7f96165e5000 end=0x7f96165e6000 mm=0xffff8ac7f3820dc0
[  148.821812]       0x0
[  148.822488]   #####
[  153.250312] entering vmacache_debug_dump(0xffff8ac7f3820dc0)
[  153.251606]   mm sequence: 0x9ffffff
[  153.252443]   task 0xffff8ac7e9355140 at 0x9fffffd (current)
[  153.253687]     cache dump:
[  153.254328]       0x0
[  153.254849]       0x0
[  153.255424]       0xffff8ac7e3a6f000
[  153.256427]         start=0x7f96165e5000 end=0x7f96165e6000 mm=0xffff8ac7f3820dc0
[  153.258101]       0x0
[  153.258607]   #####
[  157.760993] entering vmacache_debug_dump(0xffff8ac7f3820dc0)
[  157.762479]   mm sequence: 0xaffffff
[  157.763534]   task 0xffff8ac7e9355140 at 0xafffffd (current)
[  157.764977]     cache dump:
[  157.765642]       0x0
[  157.766312]       0x0
[  157.766841]       0xffff8ac7e3a6f000
[  157.767741]         start=0x7f96165e5000 end=0x7f96165e6000 mm=0xffff8ac7f3820dc0
[  157.769576]       0x0
[  157.770116]   #####
[  162.249428] entering vmacache_debug_dump(0xffff8ac7f3820dc0)
[  162.250725]   mm sequence: 0xbffffff
[  162.251589]   task 0xffff8ac7e9355140 at 0xbfffffd (current)
[  162.252899]     cache dump:
[  162.253532]       0x0
[  162.254032]       0x0
[  162.254603]       0xffff8ac7e3a6f000
[  162.255454]         start=0x7f96165e5000 end=0x7f96165e6000 mm=0xffff8ac7f3820dc0
[  162.257200]       0x0
[  162.257729]   #####
[  166.692120] entering vmacache_debug_dump(0xffff8ac7f3820dc0)
[  166.693408]   mm sequence: 0xcffffff
[  166.694334]   task 0xffff8ac7e9355140 at 0xcfffffd (current)
[  166.695603]     cache dump:
[  166.696313]       0x0
[  166.696843]       0x0
[  166.697349]       0xffff8ac7e3a6f000
[  166.698158]         start=0x7f96165e5000 end=0x7f96165e6000 mm=0xffff8ac7f3820dc0
[  166.699920]       0x0
[  166.700509]   #####
[  171.103729] entering vmacache_debug_dump(0xffff8ac7f3820dc0)
[  171.105083]   mm sequence: 0xdffffff
[  171.105913]   task 0xffff8ac7e9355140 at 0xdfffffd (current)
[  171.107381]     cache dump:
[  171.108081]       0x0
[  171.108671]       0x0
[  171.109285]       0xffff8ac7e3a6f000
[  171.110213]         start=0x7f96165e5000 end=0x7f96165e6000 mm=0xffff8ac7f3820dc0
[  171.112111]       0x0
[  171.112682]   #####
[  175.545080] entering vmacache_debug_dump(0xffff8ac7f3820dc0)
[  175.546383]   mm sequence: 0xeffffff
[  175.547265]   task 0xffff8ac7e9355140 at 0xefffffd (current)
[  175.548560]     cache dump:
[  175.549190]       0x0
[  175.549707]       0x0
[  175.550217]       0xffff8ac7e3a6f000
[  175.551012]         start=0x7f96165e5000 end=0x7f96165e6000 mm=0xffff8ac7f3820dc0
[  175.552863]       0x0
[  175.553472]   #####
[  180.032913] entering vmacache_debug_dump(0xffff8ac7f3820dc0)
[  180.035033]   mm sequence: 0xfffffff
[  180.035894]   task 0xffff8ac7e9355140 at 0xffffffd (current)
[  180.037235]     cache dump:
[  180.037878]       0x0
[  180.038384]       0x0
[  180.038900]       0xffff8ac7e3a6f000
[  180.039831]         start=0x7f96165e5000 end=0x7f96165e6000 mm=0xffff8ac7f3820dc0
[  180.041670]       0x0
[  180.042218]   #####
[  184.432236] entering vmacache_debug_dump(0xffff8ac7f3820dc0)
[  184.433523]   mm sequence: 0x10ffffff
[  184.434348]   task 0xffff8ac7e9355140 at 0x10fffffd (current)
[  184.435584]     cache dump:
[  184.436298]       0x0
[  184.436817]       0x0
[  184.437350]       0xffff8ac7e3a6f000
[  184.438145]         start=0x7f96165e5000 end=0x7f96165e6000 mm=0xffff8ac7f3820dc0
[  184.439889]       0x0
[  184.440463]   #####
[  188.863574] entering vmacache_debug_dump(0xffff8ac7f3820dc0)
[  188.864885]   mm sequence: 0x11ffffff
[  188.865751]   task 0xffff8ac7e9355140 at 0x11fffffd (current)
[  188.867011]     cache dump:
[  188.867639]       0x0
[  188.868231]       0x0
[  188.868783]       0xffff8ac7e3a6f000
[  188.869584]         start=0x7f96165e5000 end=0x7f96165e6000 mm=0xffff8ac7f3820dc0
[  188.871226]       0x0
[  188.871798]   #####
[  193.256381] entering vmacache_debug_dump(0xffff8ac7f3820dc0)
[  193.257719]   mm sequence: 0x12ffffff
[  193.258572]   task 0xffff8ac7e9355140 at 0x12fffffd (current)
[  193.259847]     cache dump:
[  193.260569]       0x0
[  193.261074]       0x0
[  193.261599]       0xffff8ac7e3a6f000
[  193.262405]         start=0x7f96165e5000 end=0x7f96165e6000 mm=0xffff8ac7f3820dc0
[  193.264146]       0x0
[  193.264772]   #####
[  197.649660] entering vmacache_debug_dump(0xffff8ac7f3820dc0)
[  197.650940]   mm sequence: 0x13ffffff
[  197.651801]   task 0xffff8ac7e9355140 at 0x13fffffd (current)
[  197.653127]     cache dump:
[  197.653757]       0x0
[  197.654273]       0x0
[  197.654786]       0xffff8ac7e3a6f000
[  197.655621]         start=0x7f96165e5000 end=0x7f96165e6000 mm=0xffff8ac7f3820dc0
[  197.657372]       0x0
[  197.657895]   #####
[  202.044699] entering vmacache_debug_dump(0xffff8ac7f3820dc0)
[  202.048049]   mm sequence: 0x14ffffff
[  202.048937]   task 0xffff8ac7e9355140 at 0x14fffffd (current)
[  202.050280]     cache dump:
[  202.050907]       0x0
[  202.051452]       0x0
[  202.052017]       0xffff8ac7e3a6f000
[  202.052962]         start=0x7f96165e5000 end=0x7f96165e6000 mm=0xffff8ac7f3820dc0
[  202.054812]       0x0
[  202.055409]   #####
[  206.505931] entering vmacache_debug_dump(0xffff8ac7f3820dc0)
[  206.507168]   mm sequence: 0x15ffffff
[  206.508020]   task 0xffff8ac7e9355140 at 0x15fffffd (current)
[  206.509286]     cache dump:
[  206.509855]       0x0
[  206.510373]       0x0
[  206.510882]       0xffff8ac7e3a6f000
[  206.511758]         start=0x7f96165e5000 end=0x7f96165e6000 mm=0xffff8ac7f3820dc0
[  206.513394]       0x0
[  206.513868]   #####
[  210.959213] entering vmacache_debug_dump(0xffff8ac7f3820dc0)
[  210.960530]   mm sequence: 0x16ffffff
[  210.961371]   task 0xffff8ac7e9355140 at 0x16fffffd (current)
[  210.962622]     cache dump:
[  210.963252]       0x0
[  210.963773]       0x0
[  210.964348]       0xffff8ac7e3a6f000
[  210.965167]         start=0x7f96165e5000 end=0x7f96165e6000 mm=0xffff8ac7f3820dc0
[  210.966809]       0x0
[  210.967309]   #####
[  215.401943] entering vmacache_debug_dump(0xffff8ac7f3820dc0)
[  215.403221]   mm sequence: 0x17ffffff
[  215.404091]   task 0xffff8ac7e9355140 at 0x17fffffd (current)
[  215.405464]     cache dump:
[  215.406075]       0x0
[  215.406593]       0x0
[  215.407102]       0xffff8ac7e3a6f000
[  215.407945]         start=0x7f96165e5000 end=0x7f96165e6000 mm=0xffff8ac7f3820dc0
[  215.409679]       0x0
[  215.410206]   #####
[  219.807599] entering vmacache_debug_dump(0xffff8ac7f3820dc0)
[  219.808875]   mm sequence: 0x18ffffff
[  219.809773]   task 0xffff8ac7e9355140 at 0x18fffffd (current)
[  219.811029]     cache dump:
[  219.811687]       0x0
[  219.812290]       0x0
[  219.812805]       0xffff8ac7e3a6f000
[  219.813594]         start=0x7f96165e5000 end=0x7f96165e6000 mm=0xffff8ac7f3820dc0
[  219.815258]       0x0
[  219.815827]   #####
[  224.223102] entering vmacache_debug_dump(0xffff8ac7f3820dc0)
[  224.224383]   mm sequence: 0x19ffffff
[  224.225231]   task 0xffff8ac7e9355140 at 0x19fffffd (current)
[  224.226499]     cache dump:
[  224.227134]       0x0
[  224.227678]       0x0
[  224.228275]       0xffff8ac7e3a6f000
[  224.229081]         start=0x7f96165e5000 end=0x7f96165e6000 mm=0xffff8ac7f3820dc0
[  224.230730]       0x0
[  224.231258]   #####
[  228.624877] entering vmacache_debug_dump(0xffff8ac7f3820dc0)
[  228.626163]   mm sequence: 0x1affffff
[  228.627013]   task 0xffff8ac7e9355140 at 0x1afffffd (current)
[  228.628295]     cache dump:
[  228.629004]       0x0
[  228.629529]       0x0
[  228.630058]       0xffff8ac7e3a6f000
[  228.630858]         start=0x7f96165e5000 end=0x7f96165e6000 mm=0xffff8ac7f3820dc0
[  228.632599]       0x0
[  228.633186]   #####
[  233.058483] entering vmacache_debug_dump(0xffff8ac7f3820dc0)
[  233.059778]   mm sequence: 0x1bffffff
[  233.060655]   task 0xffff8ac7e9355140 at 0x1bfffffd (current)
[  233.061923]     cache dump:
[  233.062539]       0x0
[  233.063060]       0x0
[  233.063639]       0xffff8ac7e3a6f000
[  233.064514]         start=0x7f96165e5000 end=0x7f96165e6000 mm=0xffff8ac7f3820dc0
[  233.066261]       0x0
[  233.066877]   #####
[  237.486823] entering vmacache_debug_dump(0xffff8ac7f3820dc0)
[  237.488111]   mm sequence: 0x1cffffff
[  237.488958]   task 0xffff8ac7e9355140 at 0x1cfffffd (current)
[  237.490212]     cache dump:
[  237.490870]       0x0
[  237.491378]       0x0
[  237.491965]       0xffff8ac7e3a6f000
[  237.492850]         start=0x7f96165e5000 end=0x7f96165e6000 mm=0xffff8ac7f3820dc0
[  237.494533]       0x0
[  237.495043]   #####
[  241.900772] entering vmacache_debug_dump(0xffff8ac7f3820dc0)
[  241.902061]   mm sequence: 0x1dffffff
[  241.902860]   task 0xffff8ac7e9355140 at 0x1dfffffd (current)
[  241.904043]     cache dump:
[  241.904659]       0x0
[  241.905166]       0x0
[  241.906476]       0xffff8ac7e3a6f000
[  241.907201]         start=0x7f96165e5000 end=0x7f96165e6000 mm=0xffff8ac7f3820dc0
[  241.908837]       0x0
[  241.909326]   #####
[  246.342527] entering vmacache_debug_dump(0xffff8ac7f3820dc0)
[  246.343693]   mm sequence: 0x1effffff
[  246.344518]   task 0xffff8ac7e9355140 at 0x1efffffd (current)
[  246.345689]     cache dump:
[  246.346292]       0x0
[  246.346764]       0x0
[  246.347318]       0xffff8ac7e3a6f000
[  246.348163]         start=0x7f96165e5000 end=0x7f96165e6000 mm=0xffff8ac7f3820dc0
[  246.349798]       0x0
[  246.350287]   #####
[  250.769051] entering vmacache_debug_dump(0xffff8ac7f3820dc0)
[  250.770335]   mm sequence: 0x1fffffff
[  250.771178]   task 0xffff8ac7e9355140 at 0x1ffffffd (current)
[  250.773257]     cache dump:
[  250.773968]       0x0
[  250.774493]       0x0
[  250.775006]       0xffff8ac7e3a6f000
[  250.775853]         start=0x7f96165e5000 end=0x7f96165e6000 mm=0xffff8ac7f3820dc0
[  250.777586]       0x0
[  250.778112]   #####
[  255.208175] entering vmacache_debug_dump(0xffff8ac7f3820dc0)
[  255.209469]   mm sequence: 0x20ffffff
[  255.210314]   task 0xffff8ac7e9355140 at 0x20fffffd (current)
[  255.211564]     cache dump:
[  255.212200]       0x0
[  255.212805]       0x0
[  255.213359]       0xffff8ac7e3a6f000
[  255.214189]         start=0x7f96165e5000 end=0x7f96165e6000 mm=0xffff8ac7f3820dc0
[  255.215853]       0x0
[  255.216429]   #####
[  259.611721] entering vmacache_debug_dump(0xffff8ac7f3820dc0)
[  259.625782]   mm sequence: 0x21ffffff
[  259.626638]   task 0xffff8ac7e9355140 at 0x21fffffd (current)
[  259.627913]     cache dump:
[  259.628622]       0x0
[  259.629183]       0x0
[  259.629706]       0xffff8ac7e3a6f000
[  259.630509]         start=0x7f96165e5000 end=0x7f96165e6000 mm=0xffff8ac7f3820dc0
[  259.632280]       0x0
[  259.632854]   #####
[  264.041756] entering vmacache_debug_dump(0xffff8ac7f3820dc0)
[  264.043062]   mm sequence: 0x22ffffff
[  264.043933]   task 0xffff8ac7e9355140 at 0x22fffffd (current)
[  264.045458]     cache dump:
[  264.046166]       0x0
[  264.046791]       0x0
[  264.047358]       0xffff8ac7e3a6f000
[  264.048311]         start=0x7f96165e5000 end=0x7f96165e6000 mm=0xffff8ac7f3820dc0
[  264.050205]       0x0
[  264.050764]   #####
[  268.468629] entering vmacache_debug_dump(0xffff8ac7f3820dc0)
[  268.469978]   mm sequence: 0x23ffffff
[  268.470825]   task 0xffff8ac7e9355140 at 0x23fffffd (current)
[  268.472095]     cache dump:
[  268.472820]       0x0
[  268.473332]       0x0
[  268.473832]       0xffff8ac7e3a6f000
[  268.474632]         start=0x7f96165e5000 end=0x7f96165e6000 mm=0xffff8ac7f3820dc0
[  268.476453]       0x0
[  268.477042]   #####
[  272.887114] entering vmacache_debug_dump(0xffff8ac7f3820dc0)
[  272.888430]   mm sequence: 0x24ffffff
[  272.889300]   task 0xffff8ac7e9355140 at 0x24fffffd (current)
[  272.890604]     cache dump:
[  272.891239]       0x0
[  272.891795]       0x0
[  272.892395]       0xffff8ac7e3a6f000
[  272.893198]         start=0x7f96165e5000 end=0x7f96165e6000 mm=0xffff8ac7f3820dc0
[  272.894879]       0x0
[  272.895402]   #####
[  277.317170] entering vmacache_debug_dump(0xffff8ac7f3820dc0)
[  277.318469]   mm sequence: 0x25ffffff
[  277.319405]   task 0xffff8ac7e9355140 at 0x25fffffd (current)
[  277.320698]     cache dump:
[  277.321536]       0x0
[  277.322097]       0x0
[  277.322626]       0xffff8ac7e3a6f000
[  277.323450]         start=0x7f96165e5000 end=0x7f96165e6000 mm=0xffff8ac7f3820dc0
[  277.325134]       0x0
[  277.325800]   #####
[  281.763426] entering vmacache_debug_dump(0xffff8ac7f3820dc0)
[  281.764751]   mm sequence: 0x26ffffff
[  281.765619]   task 0xffff8ac7e9355140 at 0x26fffffd (current)
[  281.766935]     cache dump:
[  281.767548]       0x0
[  281.768179]       0x0
[  281.768753]       0xffff8ac7e3a6f000
[  281.769613]         start=0x7f96165e5000 end=0x7f96165e6000 mm=0xffff8ac7f3820dc0
[  281.771346]       0x0
[  281.771943]   #####
[  286.225677] entering vmacache_debug_dump(0xffff8ac7f3820dc0)
[  286.227003]   mm sequence: 0x27ffffff
[  286.227888]   task 0xffff8ac7e9355140 at 0x27fffffd (current)
[  286.229197]     cache dump:
[  286.229825]       0x0
[  286.230320]       0x0
[  286.230849]       0xffff8ac7e3a6f000
[  286.231674]         start=0x7f96165e5000 end=0x7f96165e6000 mm=0xffff8ac7f3820dc0
[  286.233401]       0x0
[  286.233939]   #####
[  290.716329] entering vmacache_debug_dump(0xffff8ac7f3820dc0)
[  290.717657]   mm sequence: 0x28ffffff
[  290.718602]   task 0xffff8ac7e9355140 at 0x28fffffd (current)
[  290.719964]     cache dump:
[  290.720640]       0x0
[  290.721210]       0x0
[  290.721742]       0xffff8ac7e3a6f000
[  290.722575]         start=0x7f96165e5000 end=0x7f96165e6000 mm=0xffff8ac7f3820dc0
[  290.724365]       0x0
[  290.724939]   #####
[  295.203968] entering vmacache_debug_dump(0xffff8ac7f3820dc0)
[  295.205412]   mm sequence: 0x29ffffff
[  295.206360]   task 0xffff8ac7e9355140 at 0x29fffffd (current)
[  295.207656]     cache dump:
[  295.208395]       0x0
[  295.208972]       0x0
[  295.209536]       0xffff8ac7e3a6f000
[  295.210399]         start=0x7f96165e5000 end=0x7f96165e6000 mm=0xffff8ac7f3820dc0
[  295.212268]       0x0
[  295.212825]   #####
[  299.694208] entering vmacache_debug_dump(0xffff8ac7f3820dc0)
[  299.695581]   mm sequence: 0x2affffff
[  299.696465]   task 0xffff8ac7e9355140 at 0x2afffffd (current)
[  299.697781]     cache dump:
[  299.698409]       0x0
[  299.698924]       0x0
[  299.699436]       0xffff8ac7e3a6f000
[  299.700335]         start=0x7f96165e5000 end=0x7f96165e6000 mm=0xffff8ac7f3820dc0
[  299.702066]       0x0
[  299.702588]   #####
[  304.144373] entering vmacache_debug_dump(0xffff8ac7f3820dc0)
[  304.145797]   mm sequence: 0x2bffffff
[  304.146702]   task 0xffff8ac7e9355140 at 0x2bfffffd (current)
[  304.148042]     cache dump:
[  304.148760]       0x0
[  304.149322]       0x0
[  304.149879]       0xffff8ac7e3a6f000
[  304.150677]         start=0x7f96165e5000 end=0x7f96165e6000 mm=0xffff8ac7f3820dc0
[  304.152410]       0x0
[  304.153018]   #####
[  308.583680] entering vmacache_debug_dump(0xffff8ac7f3820dc0)
[  308.584946]   mm sequence: 0x2cffffff
[  308.585830]   task 0xffff8ac7e9355140 at 0x2cfffffd (current)
[  308.587103]     cache dump:
[  308.587740]       0x0
[  308.588357]       0x0
[  308.588958]       0xffff8ac7e3a6f000
[  308.589766]         start=0x7f96165e5000 end=0x7f96165e6000 mm=0xffff8ac7f3820dc0
[  308.591436]       0x0
[  308.592033]   #####
[  313.027556] entering vmacache_debug_dump(0xffff8ac7f3820dc0)
[  313.028965]   mm sequence: 0x2dffffff
[  313.029851]   task 0xffff8ac7e9355140 at 0x2dfffffd (current)
[  313.031095]     cache dump:
[  313.031750]       0x0
[  313.032342]       0x0
[  313.032985]       0xffff8ac7e3a6f000
[  313.033825]         start=0x7f96165e5000 end=0x7f96165e6000 mm=0xffff8ac7f3820dc0
[  313.035440]       0x0
[  313.035990]   #####
[  317.470148] entering vmacache_debug_dump(0xffff8ac7f3820dc0)
[  317.489955]   mm sequence: 0x2effffff
[  317.490772]   task 0xffff8ac7e9355140 at 0x2efffffd (current)
[  317.492008]     cache dump:
[  317.492720]       0x0
[  317.493270]       0x0
[  317.493775]       0xffff8ac7e3a6f000
[  317.494549]         start=0x7f96165e5000 end=0x7f96165e6000 mm=0xffff8ac7f3820dc0
[  317.496349]       0x0
[  317.496930]   #####
[  321.928032] entering vmacache_debug_dump(0xffff8ac7f3820dc0)
[  321.929442]   mm sequence: 0x2fffffff
[  321.930288]   task 0xffff8ac7e9355140 at 0x2ffffffd (current)
[  321.931558]     cache dump:
[  321.932205]       0x0
[  321.932795]       0x0
[  321.933319]       0xffff8ac7e3a6f000
[  321.934098]         start=0x7f96165e5000 end=0x7f96165e6000 mm=0xffff8ac7f3820dc0
[  321.935799]       0x0
[  321.936389]   #####
[  326.367589] entering vmacache_debug_dump(0xffff8ac7f3820dc0)
[  326.368818]   mm sequence: 0x30ffffff
[  326.369643]   task 0xffff8ac7e9355140 at 0x30fffffd (current)
[  326.370890]     cache dump:
[  326.371525]       0x0
[  326.372072]       0x0
[  326.372638]       0xffff8ac7e3a6f000
[  326.373583]         start=0x7f96165e5000 end=0x7f96165e6000 mm=0xffff8ac7f3820dc0
[  326.375526]       0x0
[  326.376185]   #####
[  330.819219] entering vmacache_debug_dump(0xffff8ac7f3820dc0)
[  330.820502]   mm sequence: 0x31ffffff
[  330.821330]   task 0xffff8ac7e9355140 at 0x31fffffd (current)
[  330.822562]     cache dump:
[  330.823168]       0x0
[  330.823715]       0x0
[  330.824316]       0xffff8ac7e3a6f000
[  330.825134]         start=0x7f96165e5000 end=0x7f96165e6000 mm=0xffff8ac7f3820dc0
[  330.826776]       0x0
[  330.827274]   #####
[  335.224088] entering vmacache_debug_dump(0xffff8ac7f3820dc0)
[  335.225459]   mm sequence: 0x32ffffff
[  335.226295]   task 0xffff8ac7e9355140 at 0x32fffffd (current)
[  335.227550]     cache dump:
[  335.228180]       0x0
[  335.228802]       0x0
[  335.229323]       0xffff8ac7e3a6f000
[  335.230118]         start=0x7f96165e5000 end=0x7f96165e6000 mm=0xffff8ac7f3820dc0
[  335.231766]       0x0
[  335.232338]   #####
[  339.619806] entering vmacache_debug_dump(0xffff8ac7f3820dc0)
[  339.621106]   mm sequence: 0x33ffffff
[  339.621982]   task 0xffff8ac7e9355140 at 0x33fffffd (current)
[  339.623272]     cache dump:
[  339.623919]       0x0
[  339.624521]       0x0
[  339.625083]       0xffff8ac7e3a6f000
[  339.625906]         start=0x7f96165e5000 end=0x7f96165e6000 mm=0xffff8ac7f3820dc0
[  339.627638]       0x0
[  339.628205]   #####
[  344.017976] entering vmacache_debug_dump(0xffff8ac7f3820dc0)
[  344.019253]   mm sequence: 0x34ffffff
[  344.020136]   task 0xffff8ac7e9355140 at 0x34fffffd (current)
[  344.021485]     cache dump:
[  344.022109]       0x0
[  344.022631]       0x0
[  344.023151]       0xffff8ac7e3a6f000
[  344.023997]         start=0x7f96165e5000 end=0x7f96165e6000 mm=0xffff8ac7f3820dc0
[  344.025699]       0x0
[  344.026210]   #####
[  348.429340] entering vmacache_debug_dump(0xffff8ac7f3820dc0)
[  348.430631]   mm sequence: 0x35ffffff
[  348.431499]   task 0xffff8ac7e9355140 at 0x35fffffd (current)
[  348.432808]     cache dump:
[  348.433519]       0x0
[  348.434028]       0x0
[  348.434557]       0xffff8ac7e3a6f000
[  348.435344]         start=0x7f96165e5000 end=0x7f96165e6000 mm=0xffff8ac7f3820dc0
[  348.437044]       0x0
[  348.437650]   #####
[  352.838418] entering vmacache_debug_dump(0xffff8ac7f3820dc0)
[  352.839721]   mm sequence: 0x36ffffff
[  352.840582]   task 0xffff8ac7e9355140 at 0x36fffffd (current)
[  352.841830]     cache dump:
[  352.842457]       0x0
[  352.842967]       0x0
[  352.843474]       0xffff8ac7e3a6f000
[  352.844291]         start=0x7f96165e5000 end=0x7f96165e6000 mm=0xffff8ac7f3820dc0
[  352.846062]       0x0
[  352.846554]   #####
[  357.260918] entering vmacache_debug_dump(0xffff8ac7f3820dc0)
[  357.262188]   mm sequence: 0x37ffffff
[  357.263054]   task 0xffff8ac7e9355140 at 0x37fffffd (current)
[  357.264394]     cache dump:
[  357.265080]       0x0
[  357.265661]       0x0
[  357.266226]       0xffff8ac7e3a6f000
[  357.267089]         start=0x7f96165e5000 end=0x7f96165e6000 mm=0xffff8ac7f3820dc0
[  357.268934]       0x0
[  357.269546]   #####
[  361.704169] entering vmacache_debug_dump(0xffff8ac7f3820dc0)
[  361.705480]   mm sequence: 0x38ffffff
[  361.706333]   task 0xffff8ac7e9355140 at 0x38fffffd (current)
[  361.707577]     cache dump:
[  361.708240]       0x0
[  361.708851]       0x0
[  361.709381]       0xffff8ac7e3a6f000
[  361.710261]         start=0x7f96165e5000 end=0x7f96165e6000 mm=0xffff8ac7f3820dc0
[  361.712053]       0x0
[  361.712656]   #####
[  366.139759] entering vmacache_debug_dump(0xffff8ac7f3820dc0)
[  366.141043]   mm sequence: 0x39ffffff
[  366.141934]   task 0xffff8ac7e9355140 at 0x39fffffd (current)
[  366.143185]     cache dump:
[  366.143888]       0x0
[  366.144452]       0x0
[  366.145034]       0xffff8ac7e3a6f000
[  366.145883]         start=0x7f96165e5000 end=0x7f96165e6000 mm=0xffff8ac7f3820dc0
[  366.147626]       0x0
[  366.148236]   #####
[  370.581756] entering vmacache_debug_dump(0xffff8ac7f3820dc0)
[  370.583200]   mm sequence: 0x3affffff
[  370.584112]   task 0xffff8ac7e9355140 at 0x3afffffd (current)
[  370.585488]     cache dump:
[  370.586164]       0x0
[  370.586727]       0x0
[  370.587232]       0xffff8ac7e3a6f000
[  370.588152]         start=0x7f96165e5000 end=0x7f96165e6000 mm=0xffff8ac7f3820dc0
[  370.589924]       0x0
[  370.590443]   #####
[  375.023139] entering vmacache_debug_dump(0xffff8ac7f3820dc0)
[  375.026936]   mm sequence: 0x3bffffff
[  375.027836]   task 0xffff8ac7e9355140 at 0x3bfffffd (current)
[  375.029163]     cache dump:
[  375.029791]       0x0
[  375.030310]       0x0
[  375.030824]       0xffff8ac7e3a6f000
[  375.031628]         start=0x7f96165e5000 end=0x7f96165e6000 mm=0xffff8ac7f3820dc0
[  375.033371]       0x0
[  375.033991]   #####
[  379.424722] entering vmacache_debug_dump(0xffff8ac7f3820dc0)
[  379.426017]   mm sequence: 0x3cffffff
[  379.426867]   task 0xffff8ac7e9355140 at 0x3cfffffd (current)
[  379.428137]     cache dump:
[  379.428848]       0x0
[  379.429390]       0x0
[  379.429904]       0xffff8ac7e3a6f000
[  379.430700]         start=0x7f96165e5000 end=0x7f96165e6000 mm=0xffff8ac7f3820dc0
[  379.432445]       0x0
[  379.433059]   #####
[  383.868261] entering vmacache_debug_dump(0xffff8ac7f3820dc0)
[  383.869560]   mm sequence: 0x3dffffff
[  383.870414]   task 0xffff8ac7e9355140 at 0x3dfffffd (current)
[  383.871656]     cache dump:
[  383.872346]       0x0
[  383.872904]       0x0
[  383.873504]       0xffff8ac7e3a6f000
[  383.874342]         start=0x7f96165e5000 end=0x7f96165e6000 mm=0xffff8ac7f3820dc0
[  383.876062]       0x0
[  383.876627]   #####
[  388.285794] entering vmacache_debug_dump(0xffff8ac7f3820dc0)
[  388.287076]   mm sequence: 0x3effffff
[  388.287961]   task 0xffff8ac7e9355140 at 0x3efffffd (current)
[  388.289314]     cache dump:
[  388.289996]       0x0
[  388.290563]       0x0
[  388.291165]       0xffff8ac7e3a6f000
[  388.292067]         start=0x7f96165e5000 end=0x7f96165e6000 mm=0xffff8ac7f3820dc0
[  388.293877]       0x0
[  388.294455]   #####
[  392.736419] entering vmacache_debug_dump(0xffff8ac7f3820dc0)
[  392.737741]   mm sequence: 0x3fffffff
[  392.738606]   task 0xffff8ac7e9355140 at 0x3ffffffd (current)
[  392.739900]     cache dump:
[  392.740596]       0x0
[  392.741140]       0x0
[  392.741666]       0xffff8ac7e3a6f000
[  392.742462]         start=0x7f96165e5000 end=0x7f96165e6000 mm=0xffff8ac7f3820dc0
[  392.744247]       0x0
[  392.744838]   #####
[  397.187225] entering vmacache_debug_dump(0xffff8ac7f3820dc0)
[  397.188496]   mm sequence: 0x40ffffff
[  397.189522]   task 0xffff8ac7e9355140 at 0x40fffffd (current)
[  397.190842]     cache dump:
[  397.191459]       0x0
[  397.192005]       0x0
[  397.192574]       0xffff8ac7e3a6f000
[  397.193454]         start=0x7f96165e5000 end=0x7f96165e6000 mm=0xffff8ac7f3820dc0
[  397.195087]       0x0
[  397.195635]   #####
[  401.641098] entering vmacache_debug_dump(0xffff8ac7f3820dc0)
[  401.643259]   mm sequence: 0x41ffffff
[  401.644149]   task 0xffff8ac7e9355140 at 0x41fffffd (current)
[  401.645523]     cache dump:
[  401.646147]       0x0
[  401.646669]       0x0
[  401.647200]       0xffff8ac7e3a6f000
[  401.648041]         start=0x7f96165e5000 end=0x7f96165e6000 mm=0xffff8ac7f3820dc0
[  401.649819]       0x0
[  401.650311]   #####
[  406.088955] entering vmacache_debug_dump(0xffff8ac7f3820dc0)
[  406.090237]   mm sequence: 0x42ffffff
[  406.091104]   task 0xffff8ac7e9355140 at 0x42fffffd (current)
[  406.092385]     cache dump:
[  406.093063]       0x0
[  406.093596]       0x0
[  406.094113]       0xffff8ac7e3a6f000
[  406.094906]         start=0x7f96165e5000 end=0x7f96165e6000 mm=0xffff8ac7f3820dc0
[  406.096551]       0x0
[  406.097169]   #####
[  410.490434] entering vmacache_debug_dump(0xffff8ac7f3820dc0)
[  410.491592]   mm sequence: 0x43ffffff
[  410.492373]   task 0xffff8ac7e9355140 at 0x43fffffd (current)
[  410.493575]     cache dump:
[  410.494134]       0x0
[  410.494593]       0x0
[  410.495115]       0xffff8ac7e3a6f000
[  410.495955]         start=0x7f96165e5000 end=0x7f96165e6000 mm=0xffff8ac7f3820dc0
[  410.497495]       0x0
[  410.498052]   #####
[  414.900379] entering vmacache_debug_dump(0xffff8ac7f3820dc0)
[  414.901681]   mm sequence: 0x44ffffff
[  414.902540]   task 0xffff8ac7e9355140 at 0x44fffffd (current)
[  414.903784]     cache dump:
[  414.904402]       0x0
[  414.905002]       0x0
[  414.905495]       0xffff8ac7e3a6f000
[  414.906320]         start=0x7f96165e5000 end=0x7f96165e6000 mm=0xffff8ac7f3820dc0
[  414.908001]       0x0
[  414.908539]   #####
[  419.307923] entering vmacache_debug_dump(0xffff8ac7f3820dc0)
[  419.309215]   mm sequence: 0x45ffffff
[  419.310099]   task 0xffff8ac7e9355140 at 0x45fffffd (current)
[  419.312190]     cache dump:
[  419.312979]       0x0
[  419.313609]       0x0
[  419.314170]       0xffff8ac7e3a6f000
[  419.315070]         start=0x7f96165e5000 end=0x7f96165e6000 mm=0xffff8ac7f3820dc0
[  419.316926]       0x0
[  419.317502]   #####
[  423.716364] entering vmacache_debug_dump(0xffff8ac7f3820dc0)
[  423.717504]   mm sequence: 0x46ffffff
[  423.718318]   task 0xffff8ac7e9355140 at 0x46fffffd (current)
[  423.719505]     cache dump:
[  423.720117]       0x0
[  423.720618]       0x0
[  423.721117]       0xffff8ac7e3a6f000
[  423.721925]         start=0x7f96165e5000 end=0x7f96165e6000 mm=0xffff8ac7f3820dc0
[  423.723475]       0x0
[  423.723989]   #####
[  428.118280] entering vmacache_debug_dump(0xffff8ac7f3820dc0)
[  428.119575]   mm sequence: 0x47ffffff
[  428.120503]   task 0xffff8ac7e9355140 at 0x47fffffd (current)
[  428.121815]     cache dump:
[  428.122433]       0x0
[  428.122957]       0x0
[  428.123453]       0xffff8ac7e3a6f000
[  428.124340]         start=0x7f96165e5000 end=0x7f96165e6000 mm=0xffff8ac7f3820dc0
[  428.126157]       0x0
[  428.126709]   #####
[  432.532452] entering vmacache_debug_dump(0xffff8ac7f3820dc0)
[  432.533598]   mm sequence: 0x48ffffff
[  432.534380]   task 0xffff8ac7e9355140 at 0x48fffffd (current)
[  432.535554]     cache dump:
[  432.536153]       0x0
[  432.536649]       0x0
[  432.537155]       0xffff8ac7e3a6f000
[  432.537889]         start=0x7f96165e5000 end=0x7f96165e6000 mm=0xffff8ac7f3820dc0
[  432.539437]       0x0
[  432.539963]   #####
[  436.965469] entering vmacache_debug_dump(0xffff8ac7f3820dc0)
[  436.966776]   mm sequence: 0x49ffffff
[  436.967614]   task 0xffff8ac7e9355140 at 0x49fffffd (current)
[  436.968877]     cache dump:
[  436.969556]       0x0
[  436.970063]       0x0
[  436.970580]       0xffff8ac7e3a6f000
[  436.971372]         start=0x7f96165e5000 end=0x7f96165e6000 mm=0xffff8ac7f3820dc0
[  436.973109]       0x0
[  436.973662]   #####
[  441.519133] entering vmacache_debug_dump(0xffff8ac7f3820dc0)
[  441.520578]   mm sequence: 0x4affffff
[  441.521513]   task 0xffff8ac7e9355140 at 0x4afffffd (current)
[  441.522816]     cache dump:
[  441.523523]       0x0
[  441.524076]       0x0
[  441.524602]       0xffff8ac7e3a6f000
[  441.525447]         start=0x7f96165e5000 end=0x7f96165e6000 mm=0xffff8ac7f3820dc0
[  441.527162]       0x0
[  441.527690]   #####
[  445.996936] entering vmacache_debug_dump(0xffff8ac7f3820dc0)
[  445.998202]   mm sequence: 0x4bffffff
[  445.999038]   task 0xffff8ac7e9355140 at 0x4bfffffd (current)
[  446.000306]     cache dump:
[  446.000996]       0x0
[  446.001504]       0x0
[  446.002033]       0xffff8ac7e3a6f000
[  446.002826]         start=0x7f96165e5000 end=0x7f96165e6000 mm=0xffff8ac7f3820dc0
[  446.004655]       0x0
[  446.005247]   #####
[  450.436155] entering vmacache_debug_dump(0xffff8ac7f3820dc0)
[  450.437475]   mm sequence: 0x4cffffff
[  450.438304]   task 0xffff8ac7e9355140 at 0x4cfffffd (current)
[  450.439535]     cache dump:
[  450.440176]       0x0
[  450.440725]       0x0
[  450.441287]       0xffff8ac7e3a6f000
[  450.442100]         start=0x7f96165e5000 end=0x7f96165e6000 mm=0xffff8ac7f3820dc0
[  450.443844]       0x0
[  450.444466]   #####
[  454.834901] entering vmacache_debug_dump(0xffff8ac7f3820dc0)
[  454.836202]   mm sequence: 0x4dffffff
[  454.837058]   task 0xffff8ac7e9355140 at 0x4dfffffd (current)
[  454.838348]     cache dump:
[  454.838962]       0x0
[  454.839488]       0x0
[  454.840060]       0xffff8ac7e3a6f000
[  454.840942]         start=0x7f96165e5000 end=0x7f96165e6000 mm=0xffff8ac7f3820dc0
[  454.842602]       0x0
[  454.843114]   #####
[  459.237984] entering vmacache_debug_dump(0xffff8ac7f3820dc0)
[  459.239321]   mm sequence: 0x4effffff
[  459.240183]   task 0xffff8ac7e9355140 at 0x4efffffd (current)
[  459.241520]     cache dump:
[  459.242163]       0x0
[  459.242663]       0x0
[  459.243523]       0xffff8ac7e3a6f000
[  459.244407]         start=0x7f96165e5000 end=0x7f96165e6000 mm=0xffff8ac7f3820dc0
[  459.246245]       0x0
[  459.246829]   #####
[  463.633826] entering vmacache_debug_dump(0xffff8ac7f3820dc0)
[  463.635139]   mm sequence: 0x4fffffff
[  463.636019]   task 0xffff8ac7e9355140 at 0x4ffffffd (current)
[  463.637344]     cache dump:
[  463.637953]       0x0
[  463.638482]       0x0
[  463.639004]       0xffff8ac7e3a6f000
[  463.639815]         start=0x7f96165e5000 end=0x7f96165e6000 mm=0xffff8ac7f3820dc0
[  463.641523]       0x0
[  463.642145]   #####
[  468.031154] entering vmacache_debug_dump(0xffff8ac7f3820dc0)
[  468.032446]   mm sequence: 0x50ffffff
[  468.033307]   task 0xffff8ac7e9355140 at 0x50fffffd (current)
[  468.034578]     cache dump:
[  468.035254]       0x0
[  468.035754]       0x0
[  468.036288]       0xffff8ac7e3a6f000
[  468.037156]         start=0x7f96165e5000 end=0x7f96165e6000 mm=0xffff8ac7f3820dc0
[  468.038804]       0x0
[  468.039331]   #####
[  472.441674] entering vmacache_debug_dump(0xffff8ac7f3820dc0)
[  472.442994]   mm sequence: 0x51ffffff
[  472.443859]   task 0xffff8ac7e9355140 at 0x51fffffd (current)
[  472.445161]     cache dump:
[  472.445900]       0x0
[  472.446464]       0x0
[  472.446975]       0xffff8ac7e3a6f000
[  472.447774]         start=0x7f96165e5000 end=0x7f96165e6000 mm=0xffff8ac7f3820dc0
[  472.449569]       0x0
[  472.450143]   #####
[  476.851743] entering vmacache_debug_dump(0xffff8ac7f3820dc0)
[  476.856400]   mm sequence: 0x52ffffff
[  476.857237]   task 0xffff8ac7e9355140 at 0x52fffffd (current)
[  476.858539]     cache dump:
[  476.859167]       0x0
[  476.859690]       0x0
[  476.860223]       0xffff8ac7e3a6f000
[  476.861090]         start=0x7f96165e5000 end=0x7f96165e6000 mm=0xffff8ac7f3820dc0
[  476.862700]       0x0
[  476.863221]   #####
[  481.248844] entering vmacache_debug_dump(0xffff8ac7f3820dc0)
[  481.250187]   mm sequence: 0x53ffffff
[  481.251031]   task 0xffff8ac7e9355140 at 0x53fffffd (current)
[  481.252295]     cache dump:
[  481.252990]       0x0
[  481.253535]       0x0
[  481.254118]       0xffff8ac7e3a6f000
[  481.254981]         start=0x7f96165e5000 end=0x7f96165e6000 mm=0xffff8ac7f3820dc0
[  481.256839]       0x0
[  481.257426]   #####
[  485.644523] entering vmacache_debug_dump(0xffff8ac7f3820dc0)
[  485.645817]   mm sequence: 0x54ffffff
[  485.646691]   task 0xffff8ac7e9355140 at 0x54fffffd (current)
[  485.648064]     cache dump:
[  485.648758]       0x0
[  485.649301]       0x0
[  485.649825]       0xffff8ac7e3a6f000
[  485.650722]         start=0x7f96165e5000 end=0x7f96165e6000 mm=0xffff8ac7f3820dc0
[  485.652429]       0x0
[  485.653014]   #####
[  490.041369] entering vmacache_debug_dump(0xffff8ac7f3820dc0)
[  490.042657]   mm sequence: 0x55ffffff
[  490.043498]   task 0xffff8ac7e9355140 at 0x55fffffd (current)
[  490.044772]     cache dump:
[  490.045471]       0x0
[  490.046015]       0x0
[  490.046531]       0xffff8ac7e3a6f000
[  490.047354]         start=0x7f96165e5000 end=0x7f96165e6000 mm=0xffff8ac7f3820dc0
[  490.049101]       0x0
[  490.049682]   #####
[  494.443814] entering vmacache_debug_dump(0xffff8ac7f3820dc0)
[  494.445048]   mm sequence: 0x56ffffff
[  494.445805]   task 0xffff8ac7e9355140 at 0x56fffffd (current)
[  494.447009]     cache dump:
[  494.447610]       0x0
[  494.448170]       0x0
[  494.448673]       0xffff8ac7e3a6f000
[  494.449439]         start=0x7f96165e5000 end=0x7f96165e6000 mm=0xffff8ac7f3820dc0
[  494.451034]       0x0
[  494.451540]   #####
[  498.853287] entering vmacache_debug_dump(0xffff8ac7f3820dc0)
[  498.861275]   mm sequence: 0x57ffffff
[  498.862061]   task 0xffff8ac7e9355140 at 0x57fffffd (current)
[  498.863331]     cache dump:
[  498.863939]       0x0
[  498.864533]       0x0
[  498.865075]       0xffff8ac7e3a6f000
[  498.865864]         start=0x7f96165e5000 end=0x7f96165e6000 mm=0xffff8ac7f3820dc0
[  498.867320]       0x0
[  498.867762]   #####
[  503.260548] entering vmacache_debug_dump(0xffff8ac7f3820dc0)
[  503.261824]   mm sequence: 0x58ffffff
[  503.262742]   task 0xffff8ac7e9355140 at 0x58fffffd (current)
[  503.263990]     cache dump:
[  503.264622]       0x0
[  503.265176]       0x0
[  503.265731]       0xffff8ac7e3a6f000
[  503.266548]         start=0x7f96165e5000 end=0x7f96165e6000 mm=0xffff8ac7f3820dc0
[  503.268284]       0x0
[  503.268860]   #####
[  507.719057] entering vmacache_debug_dump(0xffff8ac7f3820dc0)
[  507.720344]   mm sequence: 0x59ffffff
[  507.721189]   task 0xffff8ac7e9355140 at 0x59fffffd (current)
[  507.722454]     cache dump:
[  507.723058]       0x0
[  507.723577]       0x0
[  507.724110]       0xffff8ac7e3a6f000
[  507.724981]         start=0x7f96165e5000 end=0x7f96165e6000 mm=0xffff8ac7f3820dc0
[  507.726611]       0x0
[  507.727123]   #####
[  512.139432] entering vmacache_debug_dump(0xffff8ac7f3820dc0)
[  512.140724]   mm sequence: 0x5affffff
[  512.141569]   task 0xffff8ac7e9355140 at 0x5afffffd (current)
[  512.142856]     cache dump:
[  512.143486]       0x0
[  512.143986]       0x0
[  512.144541]       0xffff8ac7e3a6f000
[  512.145518]         start=0x7f96165e5000 end=0x7f96165e6000 mm=0xffff8ac7f3820dc0
[  512.147587]       0x0
[  512.148250]   #####
[  516.549991] entering vmacache_debug_dump(0xffff8ac7f3820dc0)
[  516.551269]   mm sequence: 0x5bffffff
[  516.552131]   task 0xffff8ac7e9355140 at 0x5bfffffd (current)
[  516.553474]     cache dump:
[  516.554095]       0x0
[  516.554620]       0x0
[  516.555118]       0xffff8ac7e3a6f000
[  516.555919]         start=0x7f96165e5000 end=0x7f96165e6000 mm=0xffff8ac7f3820dc0
[  516.557692]       0x0
[  516.558299]   #####
[  520.985358] entering vmacache_debug_dump(0xffff8ac7f3820dc0)
[  520.986649]   mm sequence: 0x5cffffff
[  520.987454]   task 0xffff8ac7e9355140 at 0x5cfffffd (current)
[  520.988705]     cache dump:
[  520.989371]       0x0
[  520.989875]       0x0
[  520.990345]       0xffff8ac7e3a6f000
[  520.991118]         start=0x7f96165e5000 end=0x7f96165e6000 mm=0xffff8ac7f3820dc0
[  520.992744]       0x0
[  520.994059]   #####
[  525.384328] entering vmacache_debug_dump(0xffff8ac7f3820dc0)
[  525.385615]   mm sequence: 0x5dffffff
[  525.386487]   task 0xffff8ac7e9355140 at 0x5dfffffd (current)
[  525.387744]     cache dump:
[  525.388371]       0x0
[  525.388979]       0x0
[  525.389477]       0xffff8ac7e3a6f000
[  525.390287]         start=0x7f96165e5000 end=0x7f96165e6000 mm=0xffff8ac7f3820dc0
[  525.391922]       0x0
[  525.392527]   #####
[  529.792964] entering vmacache_debug_dump(0xffff8ac7f3820dc0)
[  529.794242]   mm sequence: 0x5effffff
[  529.795883]   task 0xffff8ac7e9355140 at 0x5efffffd (current)
[  529.797181]     cache dump:
[  529.797892]       0x0
[  529.798408]       0x0
[  529.798909]       0xffff8ac7e3a6f000
[  529.799720]         start=0x7f96165e5000 end=0x7f96165e6000 mm=0xffff8ac7f3820dc0
[  529.801496]       0x0
[  529.802153]   #####
[  534.192769] entering vmacache_debug_dump(0xffff8ac7f3820dc0)
[  534.194045]   mm sequence: 0x5fffffff
[  534.194887]   task 0xffff8ac7e9355140 at 0x5ffffffd (current)
[  534.196148]     cache dump:
[  534.196851]       0x0
[  534.197438]       0x0
[  534.197951]       0xffff8ac7e3a6f000
[  534.198765]         start=0x7f96165e5000 end=0x7f96165e6000 mm=0xffff8ac7f3820dc0
[  534.200482]       0x0
[  534.201052]   #####
[  538.592797] entering vmacache_debug_dump(0xffff8ac7f3820dc0)
[  538.594054]   mm sequence: 0x60ffffff
[  538.595037]   task 0xffff8ac7e9355140 at 0x60fffffd (current)
[  538.597353]     cache dump:
[  538.598058]       0x0
[  538.598603]       0x0
[  538.599121]       0xffff8ac7e3a6f000
[  538.599933]         start=0x7f96165e5000 end=0x7f96165e6000 mm=0xffff8ac7f3820dc0
[  538.601921]       0x0
[  538.602517]   #####
[  543.007179] entering vmacache_debug_dump(0xffff8ac7f3820dc0)
[  543.008462]   mm sequence: 0x61ffffff
[  543.009317]   task 0xffff8ac7e9355140 at 0x61fffffd (current)
[  543.010539]     cache dump:
[  543.011159]       0x0
[  543.011673]       0x0
[  543.012188]       0xffff8ac7e3a6f000
[  543.012994]         start=0x7f96165e5000 end=0x7f96165e6000 mm=0xffff8ac7f3820dc0
[  543.014762]       0x0
[  543.015326]   #####
[  547.411911] entering vmacache_debug_dump(0xffff8ac7f3820dc0)
[  547.426065]   mm sequence: 0x62ffffff
[  547.427033]   task 0xffff8ac7e9355140 at 0x62fffffd (current)
[  547.428310]     cache dump:
[  547.428929]       0x0
[  547.429523]       0x0
[  547.430046]       0xffff8ac7e3a6f000
[  547.430892]         start=0x7f96165e5000 end=0x7f96165e6000 mm=0xffff8ac7f3820dc0
[  547.432555]       0x0
[  547.433113]   #####
[  551.831259] entering vmacache_debug_dump(0xffff8ac7f3820dc0)
[  551.833315]   mm sequence: 0x63ffffff
[  551.834166]   task 0xffff8ac7e9355140 at 0x63fffffd (current)
[  551.835413]     cache dump:
[  551.836043]       0x0
[  551.836585]       0x0
[  551.837158]       0xffff8ac7e3a6f000
[  551.838035]         start=0x7f96165e5000 end=0x7f96165e6000 mm=0xffff8ac7f3820dc0
[  551.839677]       0x0
[  551.840179]   #####
[  556.237476] entering vmacache_debug_dump(0xffff8ac7f3820dc0)
[  556.238639]   mm sequence: 0x64ffffff
[  556.239410]   task 0xffff8ac7e9355140 at 0x64fffffd (current)
[  556.240575]     cache dump:
[  556.241185]       0x0
[  556.241698]       0x0
[  556.242160]       0xffff8ac7e3a6f000
[  556.242862]         start=0x7f96165e5000 end=0x7f96165e6000 mm=0xffff8ac7f3820dc0
[  556.244340]       0x0
[  556.244932]   #####
[  560.636381] entering vmacache_debug_dump(0xffff8ac7f3820dc0)
[  560.637626]   mm sequence: 0x65ffffff
[  560.638415]   task 0xffff8ac7e9355140 at 0x65fffffd (current)
[  560.639561]     cache dump:
[  560.640175]       0x0
[  560.640702]       0x0
[  560.641187]       0xffff8ac7e3a6f000
[  560.641950]         start=0x7f96165e5000 end=0x7f96165e6000 mm=0xffff8ac7f3820dc0
[  560.643710]       0x0
[  560.644202]   #####
[  565.042151] entering vmacache_debug_dump(0xffff8ac7f3820dc0)
[  565.043524]   mm sequence: 0x66ffffff
[  565.044381]   task 0xffff8ac7e9355140 at 0x66fffffd (current)
[  565.045667]     cache dump:
[  565.046394]       0x0
[  565.046941]       0x0
[  565.047460]       0xffff8ac7e3a6f000
[  565.048251]         start=0x7f96165e5000 end=0x7f96165e6000 mm=0xffff8ac7f3820dc0
[  565.050012]       0x0
[  565.050604]   #####
[  569.453847] entering vmacache_debug_dump(0xffff8ac7f3820dc0)
[  569.455058]   mm sequence: 0x67ffffff
[  569.455878]   task 0xffff8ac7e9355140 at 0x67fffffd (current)
[  569.457060]     cache dump:
[  569.457680]       0x0
[  569.458211]       0x0
[  569.458743]       0xffff8ac7e3a6f000
[  569.459468]         start=0x7f96165e5000 end=0x7f96165e6000 mm=0xffff8ac7f3820dc0
[  569.461050]       0x0
[  569.461545]   #####
[  573.851681] entering vmacache_debug_dump(0xffff8ac7f3820dc0)
[  573.852967]   mm sequence: 0x68ffffff
[  573.853832]   task 0xffff8ac7e9355140 at 0x68fffffd (current)
[  573.855092]     cache dump:
[  573.855725]       0x0
[  573.856236]       0x0
[  573.856775]       0xffff8ac7e3a6f000
[  573.857682]         start=0x7f96165e5000 end=0x7f96165e6000 mm=0xffff8ac7f3820dc0
[  573.859471]       0x0
[  573.860060]   #####
[  578.282225] entering vmacache_debug_dump(0xffff8ac7f3820dc0)
[  578.283402]   mm sequence: 0x69ffffff
[  578.284173]   task 0xffff8ac7e9355140 at 0x69fffffd (current)
[  578.285327]     cache dump:
[  578.285914]       0x0
[  578.286447]       0x0
[  578.286929]       0xffff8ac7e3a6f000
[  578.287615]         start=0x7f96165e5000 end=0x7f96165e6000 mm=0xffff8ac7f3820dc0
[  578.289288]       0x0
[  578.289793]   #####
[  582.698545] entering vmacache_debug_dump(0xffff8ac7f3820dc0)
[  582.699816]   mm sequence: 0x6affffff
[  582.700716]   task 0xffff8ac7e9355140 at 0x6afffffd (current)
[  582.702033]     cache dump:
[  582.702698]       0x0
[  582.703227]       0x0
[  582.703752]       0xffff8ac7e3a6f000
[  582.704568]         start=0x7f96165e5000 end=0x7f96165e6000 mm=0xffff8ac7f3820dc0
[  582.706290]       0x0
[  582.706871]   #####
[  587.095619] entering vmacache_debug_dump(0xffff8ac7f3820dc0)
[  587.096884]   mm sequence: 0x6bffffff
[  587.097737]   task 0xffff8ac7e9355140 at 0x6bfffffd (current)
[  587.098988]     cache dump:
[  587.099615]       0x0
[  587.100124]       0x0
[  587.101456]       0xffff8ac7e3a6f000
[  587.102319]         start=0x7f96165e5000 end=0x7f96165e6000 mm=0xffff8ac7f3820dc0
[  587.103985]       0x0
[  587.104500]   #####
[  591.490874] entering vmacache_debug_dump(0xffff8ac7f3820dc0)
[  591.492122]   mm sequence: 0x6cffffff
[  591.492974]   task 0xffff8ac7e9355140 at 0x6cfffffd (current)
[  591.494270]     cache dump:
[  591.494916]       0x0
[  591.495433]       0x0
[  591.495960]       0xffff8ac7e3a6f000
[  591.496828]         start=0x7f96165e5000 end=0x7f96165e6000 mm=0xffff8ac7f3820dc0
[  591.498578]       0x0
[  591.499112]   #####
[  595.893721] entering vmacache_debug_dump(0xffff8ac7f3820dc0)
[  595.913651]   mm sequence: 0x6dffffff
[  595.914490]   task 0xffff8ac7e9355140 at 0x6dfffffd (current)
[  595.915757]     cache dump:
[  595.916370]       0x0
[  595.916912]       0x0
[  595.917504]       0xffff8ac7e3a6f000
[  595.918353]         start=0x7f96165e5000 end=0x7f96165e6000 mm=0xffff8ac7f3820dc0
[  595.920013]       0x0
[  595.920521]   #####
[  600.308228] entering vmacache_debug_dump(0xffff8ac7f3820dc0)
[  600.309513]   mm sequence: 0x6effffff
[  600.310356]   task 0xffff8ac7e9355140 at 0x6efffffd (current)
[  600.311640]     cache dump:
[  600.312291]       0x0
[  600.312838]       0x0
[  600.313428]       0xffff8ac7e3a6f000
[  600.314249]         start=0x7f96165e5000 end=0x7f96165e6000 mm=0xffff8ac7f3820dc0
[  600.315935]       0x0
[  600.316467]   #####
[  604.709549] entering vmacache_debug_dump(0xffff8ac7f3820dc0)
[  604.710845]   mm sequence: 0x6fffffff
[  604.711681]   task 0xffff8ac7e9355140 at 0x6ffffffd (current)
[  604.712953]     cache dump:
[  604.713639]       0x0
[  604.714213]       0x0
[  604.714838]       0xffff8ac7e3a6f000
[  604.715757]         start=0x7f96165e5000 end=0x7f96165e6000 mm=0xffff8ac7f3820dc0
[  604.717792]       0x0
[  604.718408]   #####
[  609.116662] entering vmacache_debug_dump(0xffff8ac7f3820dc0)
[  609.117959]   mm sequence: 0x70ffffff
[  609.118801]   task 0xffff8ac7e9355140 at 0x70fffffd (current)
[  609.120065]     cache dump:
[  609.120684]       0x0
[  609.121220]       0x0
[  609.121812]       0xffff8ac7e3a6f000
[  609.122632]         start=0x7f96165e5000 end=0x7f96165e6000 mm=0xffff8ac7f3820dc0
[  609.124297]       0x0
[  609.124842]   #####
[  613.513489] entering vmacache_debug_dump(0xffff8ac7f3820dc0)
[  613.514799]   mm sequence: 0x71ffffff
[  613.515614]   task 0xffff8ac7e9355140 at 0x71fffffd (current)
[  613.516871]     cache dump:
[  613.517598]       0x0
[  613.518140]       0x0
[  613.518688]       0xffff8ac7e3a6f000
[  613.519514]         start=0x7f96165e5000 end=0x7f96165e6000 mm=0xffff8ac7f3820dc0
[  613.521233]       0x0
[  613.521842]   #####
[  617.921257] entering vmacache_debug_dump(0xffff8ac7f3820dc0)
[  617.924994]   mm sequence: 0x72ffffff
[  617.925835]   task 0xffff8ac7e9355140 at 0x72fffffd (current)
[  617.927110]     cache dump:
[  617.927711]       0x0
[  617.928231]       0x0
[  617.928745]       0xffff8ac7e3a6f000
[  617.929554]         start=0x7f96165e5000 end=0x7f96165e6000 mm=0xffff8ac7f3820dc0
[  617.931289]       0x0
[  617.931781]   #####
[  622.322826] entering vmacache_debug_dump(0xffff8ac7f3820dc0)
[  622.324085]   mm sequence: 0x73ffffff
[  622.324963]   task 0xffff8ac7e9355140 at 0x73fffffd (current)
[  622.326286]     cache dump:
[  622.326893]       0x0
[  622.327415]       0x0
[  622.327908]       0xffff8ac7e3a6f000
[  622.328696]         start=0x7f96165e5000 end=0x7f96165e6000 mm=0xffff8ac7f3820dc0
[  622.330382]       0x0
[  622.330974]   #####
[  626.757221] entering vmacache_debug_dump(0xffff8ac7f3820dc0)
[  626.758562]   mm sequence: 0x74ffffff
[  626.759541]   task 0xffff8ac7e9355140 at 0x74fffffd (current)
[  626.760846]     cache dump:
[  626.761513]       0x0
[  626.762156]       0x0
[  626.762738]       0xffff8ac7e3a6f000
[  626.763649]         start=0x7f96165e5000 end=0x7f96165e6000 mm=0xffff8ac7f3820dc0
[  626.765506]       0x0
[  626.766114]   #####
[  631.164360] entering vmacache_debug_dump(0xffff8ac7f3820dc0)
[  631.165636]   mm sequence: 0x75ffffff
[  631.166479]   task 0xffff8ac7e9355140 at 0x75fffffd (current)
[  631.167735]     cache dump:
[  631.168378]       0x0
[  631.168908]       0x0
[  631.169447]       0xffff8ac7e3a6f000
[  631.170332]         start=0x7f96165e5000 end=0x7f96165e6000 mm=0xffff8ac7f3820dc0
[  631.172045]       0x0
[  631.172571]   #####
[  635.562515] entering vmacache_debug_dump(0xffff8ac7f3820dc0)
[  635.563831]   mm sequence: 0x76ffffff
[  635.564675]   task 0xffff8ac7e9355140 at 0x76fffffd (current)
[  635.565967]     cache dump:
[  635.566653]       0x0
[  635.567240]       0x0
[  635.567804]       0xffff8ac7e3a6f000
[  635.568706]         start=0x7f96165e5000 end=0x7f96165e6000 mm=0xffff8ac7f3820dc0
[  635.570665]       0x0
[  635.571246]   #####
[  639.968291] entering vmacache_debug_dump(0xffff8ac7f3820dc0)
[  639.969687]   mm sequence: 0x77ffffff
[  639.970547]   task 0xffff8ac7e9355140 at 0x77fffffd (current)
[  639.971900]     cache dump:
[  639.972503]       0x0
[  639.973031]       0x0
[  639.973626]       0xffff8ac7e3a6f000
[  639.974412]         start=0x7f96165e5000 end=0x7f96165e6000 mm=0xffff8ac7f3820dc0
[  639.976860]       0x0
[  639.977425]   #####
[  644.402109] entering vmacache_debug_dump(0xffff8ac7f3820dc0)
[  644.403429]   mm sequence: 0x78ffffff
[  644.404275]   task 0xffff8ac7e9355140 at 0x78fffffd (current)
[  644.405544]     cache dump:
[  644.406244]       0x0
[  644.406772]       0x0
[  644.407295]       0xffff8ac7e3a6f000
[  644.408901]         start=0x7f96165e5000 end=0x7f96165e6000 mm=0xffff8ac7f3820dc0
[  644.410663]       0x0
[  644.411279]   #####
[  648.801065] entering vmacache_debug_dump(0xffff8ac7f3820dc0)
[  648.802401]   mm sequence: 0x79ffffff
[  648.803256]   task 0xffff8ac7e9355140 at 0x79fffffd (current)
[  648.804526]     cache dump:
[  648.805156]       0x0
[  648.805745]       0x0
[  648.806297]       0xffff8ac7e3a6f000
[  648.807157]         start=0x7f96165e5000 end=0x7f96165e6000 mm=0xffff8ac7f3820dc0
[  648.808992]       0x0
[  648.809610]   #####
[  653.209305] entering vmacache_debug_dump(0xffff8ac7f3820dc0)
[  653.211330]   mm sequence: 0x7affffff
[  653.212186]   task 0xffff8ac7e9355140 at 0x7afffffd (current)
[  653.213537]     cache dump:
[  653.214239]       0x0
[  653.214763]       0x0
[  653.215288]       0xffff8ac7e3a6f000
[  653.216094]         start=0x7f96165e5000 end=0x7f96165e6000 mm=0xffff8ac7f3820dc0
[  653.217875]       0x0
[  653.218456]   #####
[  657.750240] entering vmacache_debug_dump(0xffff8ac7f3820dc0)
[  657.751535]   mm sequence: 0x7bffffff
[  657.752352]   task 0xffff8ac7e9355140 at 0x7bfffffd (current)
[  657.753605]     cache dump:
[  657.754298]       0x0
[  657.754785]       0x0
[  657.755353]       0xffff8ac7e3a6f000
[  657.756109]         start=0x7f96165e5000 end=0x7f96165e6000 mm=0xffff8ac7f3820dc0
[  657.757760]       0x0
[  657.758353]   #####
[  662.357200] entering vmacache_debug_dump(0xffff8ac7f3820dc0)
[  662.358364]   mm sequence: 0x7cffffff
[  662.359159]   task 0xffff8ac7e9355140 at 0x7cfffffd (current)
[  662.360295]     cache dump:
[  662.360836]       0x0
[  662.361320]       0x0
[  662.361766]       0xffff8ac7e3a6f000
[  662.362523]         start=0x7f96165e5000 end=0x7f96165e6000 mm=0xffff8ac7f3820dc0
[  662.364174]       0x0
[  662.364666]   #####
[  667.014048] entering vmacache_debug_dump(0xffff8ac7f3820dc0)
[  667.017879]   mm sequence: 0x7dffffff
[  667.018754]   task 0xffff8ac7e9355140 at 0x7dfffffd (current)
[  667.019985]     cache dump:
[  667.020618]       0x0
[  667.021174]       0x0
[  667.021787]       0xffff8ac7e3a6f000
[  667.022641]         start=0x7f96165e5000 end=0x7f96165e6000 mm=0xffff8ac7f3820dc0
[  667.024332]       0x0
[  667.024886]   #####
[  671.722802] entering vmacache_debug_dump(0xffff8ac7f3820dc0)
[  671.724970]   mm sequence: 0x7effffff
[  671.725832]   task 0xffff8ac7e9355140 at 0x7efffffd (current)
[  671.727159]     cache dump:
[  671.727738]       0x0
[  671.728242]       0x0
[  671.728748]       0xffff8ac7e3a6f000
[  671.729657]         start=0x7f96165e5000 end=0x7f96165e6000 mm=0xffff8ac7f3820dc0
[  671.731314]       0x0
[  671.731831]   #####
[  676.418347] entering vmacache_debug_dump(0xffff8ac7f3820dc0)
[  676.419869]   mm sequence: 0x7fffffff
[  676.420713]   task 0xffff8ac7e9355140 at 0x7ffffffd (current)
[  676.422076]     cache dump:
[  676.422753]       0x0
[  676.423327]       0x0
[  676.423840]       0xffff8ac7e3a6f000
[  676.424637]         start=0x7f96165e5000 end=0x7f96165e6000 mm=0xffff8ac7f3820dc0
[  676.426337]       0x0
[  676.426909]   #####
[  681.192760] entering vmacache_debug_dump(0xffff8ac7f3820dc0)
[  681.194129]   mm sequence: 0x80ffffff
[  681.195045]   task 0xffff8ac7e9355140 at 0x80fffffd (current)
[  681.196295]     cache dump:
[  681.196960]       0x0
[  681.197525]       0x0
[  681.198078]       0xffff8ac7e3a6f000
[  681.198946]         start=0x7f96165e5000 end=0x7f96165e6000 mm=0xffff8ac7f3820dc0
[  681.200562]       0x0
[  681.201073]   #####
[  685.863470] entering vmacache_debug_dump(0xffff8ac7f3820dc0)
[  685.864734]   mm sequence: 0x81ffffff
[  685.865582]   task 0xffff8ac7e9355140 at 0x81fffffd (current)
[  685.866742]     cache dump:
[  685.867351]       0x0
[  685.867851]       0x0
[  685.868310]       0xffff8ac7e3a6f000
[  685.869815]         start=0x7f96165e5000 end=0x7f96165e6000 mm=0xffff8ac7f3820dc0
[  685.871327]       0x0
[  685.871792]   #####
[  690.320367] entering vmacache_debug_dump(0xffff8ac7f3820dc0)
[  690.321648]   mm sequence: 0x82ffffff
[  690.322500]   task 0xffff8ac7e9355140 at 0x82fffffd (current)
[  690.323777]     cache dump:
[  690.324378]       0x0
[  690.324902]       0x0
[  690.325441]       0xffff8ac7e3a6f000
[  690.326304]         start=0x7f96165e5000 end=0x7f96165e6000 mm=0xffff8ac7f3820dc0
[  690.327955]       0x0
[  690.328451]   #####
[  694.710999] entering vmacache_debug_dump(0xffff8ac7f3820dc0)
[  694.712285]   mm sequence: 0x83ffffff
[  694.713117]   task 0xffff8ac7e9355140 at 0x83fffffd (current)
[  694.714389]     cache dump:
[  694.715098]       0x0
[  694.715598]       0x0
[  694.716110]       0xffff8ac7e3a6f000
[  694.716903]         start=0x7f96165e5000 end=0x7f96165e6000 mm=0xffff8ac7f3820dc0
[  694.718626]       0x0
[  694.719188]   #####
[  699.109730] entering vmacache_debug_dump(0xffff8ac7f3820dc0)
[  699.110851]   mm sequence: 0x84ffffff
[  699.111617]   task 0xffff8ac7e9355140 at 0x84fffffd (current)
[  699.112719]     cache dump:
[  699.113277]       0x0
[  699.113789]       0x0
[  699.114272]       0xffff8ac7e3a6f000
[  699.115082]         start=0x7f96165e5000 end=0x7f96165e6000 mm=0xffff8ac7f3820dc0
[  699.116808]       0x0
[  699.117384]   #####
[  703.504797] entering vmacache_debug_dump(0xffff8ac7f3820dc0)
[  703.506072]   mm sequence: 0x85ffffff
[  703.506976]   task 0xffff8ac7e9355140 at 0x85fffffd (current)
[  703.508204]     cache dump:
[  703.508817]       0x0
[  703.509347]       0x0
[  703.509942]       0xffff8ac7e3a6f000
[  703.510708]         start=0x7f96165e5000 end=0x7f96165e6000 mm=0xffff8ac7f3820dc0
[  703.512327]       0x0
[  703.512836]   #####
[  707.902584] entering vmacache_debug_dump(0xffff8ac7f3820dc0)
[  707.903849]   mm sequence: 0x86ffffff
[  707.905525]   task 0xffff8ac7e9355140 at 0x86fffffd (current)
[  707.906826]     cache dump:
[  707.907456]       0x0
[  707.907979]       0x0
[  707.908491]       0xffff8ac7e3a6f000
[  707.909277]         start=0x7f96165e5000 end=0x7f96165e6000 mm=0xffff8ac7f3820dc0
[  707.910872]       0x0
[  707.911460]   #####
[  712.296439] entering vmacache_debug_dump(0xffff8ac7f3820dc0)
[  712.300654]   mm sequence: 0x87ffffff
[  712.301551]   task 0xffff8ac7e9355140 at 0x87fffffd (current)
[  712.302856]     cache dump:
[  712.303478]       0x0
[  712.303999]       0x0
[  712.304512]       0xffff8ac7e3a6f000
[  712.305307]         start=0x7f96165e5000 end=0x7f96165e6000 mm=0xffff8ac7f3820dc0
[  712.307019]       0x0
[  712.307624]   #####
[  716.710342] entering vmacache_debug_dump(0xffff8ac7f3820dc0)
[  716.711485]   mm sequence: 0x88ffffff
[  716.712312]   task 0xffff8ac7e9355140 at 0x88fffffd (current)
[  716.713443]     cache dump:
[  716.714070]       0x0
[  716.714565]       0x0
[  716.715123]       0xffff8ac7e3a6f000
[  716.715811]         start=0x7f96165e5000 end=0x7f96165e6000 mm=0xffff8ac7f3820dc0
[  716.717412]       0x0
[  716.717942]   #####
[  721.110918] entering vmacache_debug_dump(0xffff8ac7f3820dc0)
[  721.112189]   mm sequence: 0x89ffffff
[  721.113026]   task 0xffff8ac7e9355140 at 0x89fffffd (current)
[  721.114296]     cache dump:
[  721.114977]       0x0
[  721.115498]       0x0
[  721.116014]       0xffff8ac7e3a6f000
[  721.116808]         start=0x7f96165e5000 end=0x7f96165e6000 mm=0xffff8ac7f3820dc0
[  721.118454]       0x0
[  721.119027]   #####
[  725.504271] entering vmacache_debug_dump(0xffff8ac7f3820dc0)
[  725.505532]   mm sequence: 0x8affffff
[  725.506368]   task 0xffff8ac7e9355140 at 0x8afffffd (current)
[  725.508398]     cache dump:
[  725.509049]       0x0
[  725.509598]       0x0
[  725.510233]       0xffff8ac7e3a6f000
[  725.511094]         start=0x7f96165e5000 end=0x7f96165e6000 mm=0xffff8ac7f3820dc0
[  725.513065]       0x0
[  725.513701]   #####
[  729.904416] entering vmacache_debug_dump(0xffff8ac7f3820dc0)
[  729.905675]   mm sequence: 0x8bffffff
[  729.906517]   task 0xffff8ac7e9355140 at 0x8bfffffd (current)
[  729.907754]     cache dump:
[  729.908384]       0x0
[  729.908900]       0x0
[  729.909391]       0xffff8ac7e3a6f000
[  729.910200]         start=0x7f96165e5000 end=0x7f96165e6000 mm=0xffff8ac7f3820dc0
[  729.911993]       0x0
[  729.912565]   #####
[  734.306759] entering vmacache_debug_dump(0xffff8ac7f3820dc0)
[  734.307995]   mm sequence: 0x8cffffff
[  734.309642]   task 0xffff8ac7e9355140 at 0x8cfffffd (current)
[  734.310844]     cache dump:
[  734.311426]       0x0
[  734.311911]       0x0
[  734.312415]       0xffff8ac7e3a6f000
[  734.313168]         start=0x7f96165e5000 end=0x7f96165e6000 mm=0xffff8ac7f3820dc0
[  734.314752]       0x0
[  734.315260]   #####
[  738.714691] entering vmacache_debug_dump(0xffff8ac7f3820dc0)
[  738.716000]   mm sequence: 0x8dffffff
[  738.716840]   task 0xffff8ac7e9355140 at 0x8dfffffd (current)
[  738.718109]     cache dump:
[  738.718826]       0x0
[  738.719366]       0x0
[  738.719898]       0xffff8ac7e3a6f000
[  738.720770]         start=0x7f96165e5000 end=0x7f96165e6000 mm=0xffff8ac7f3820dc0
[  738.722518]       0x0
[  738.723133]   #####
[  743.106942] entering vmacache_debug_dump(0xffff8ac7f3820dc0)
[  743.108177]   mm sequence: 0x8effffff
[  743.109012]   task 0xffff8ac7e9355140 at 0x8efffffd (current)
[  743.111058]     cache dump:
[  743.111787]       0x0
[  743.112305]       0x0
[  743.112823]       0xffff8ac7e3a6f000
